Archive member included to satisfy reference by file (symbol)

c:/stm32_toolchain/gcc-arm-none-eabi-5_3-151225/bin/../lib/gcc/arm-none-eabi/5.3.1/armv7e-m/fpu\libgcc.a(_arm_addsubdf3.o)
                              ./src/main.o (__aeabi_dsub)
c:/stm32_toolchain/gcc-arm-none-eabi-5_3-151225/bin/../lib/gcc/arm-none-eabi/5.3.1/armv7e-m/fpu\libgcc.a(_arm_muldivdf3.o)
                              ./src/main.o (__aeabi_dmul)
c:/stm32_toolchain/gcc-arm-none-eabi-5_3-151225/bin/../lib/gcc/arm-none-eabi/5.3.1/armv7e-m/fpu\libgcc.a(_arm_fixunsdfsi.o)
                              ./src/main.o (__aeabi_d2uiz)
c:/stm32_toolchain/gcc-arm-none-eabi-5_3-151225/bin/../lib/gcc/arm-none-eabi/5.3.1/armv7e-m/fpu\libgcc.a(_arm_truncdfsf2.o)
                              ./src/main.o (__aeabi_d2f)
c:/stm32_toolchain/gcc-arm-none-eabi-5_3-151225/bin/../lib/gcc/arm-none-eabi/5.3.1/../../../../arm-none-eabi/lib/armv7e-m/fpu\libg_nano.a(lib_a-errno.o)
                              ./system/src/newlib/_sbrk.o (__errno)
c:/stm32_toolchain/gcc-arm-none-eabi-5_3-151225/bin/../lib/gcc/arm-none-eabi/5.3.1/../../../../arm-none-eabi/lib/armv7e-m/fpu\libg_nano.a(lib_a-impure.o)
                              c:/stm32_toolchain/gcc-arm-none-eabi-5_3-151225/bin/../lib/gcc/arm-none-eabi/5.3.1/../../../../arm-none-eabi/lib/armv7e-m/fpu\libg_nano.a(lib_a-errno.o) (_impure_ptr)
c:/stm32_toolchain/gcc-arm-none-eabi-5_3-151225/bin/../lib/gcc/arm-none-eabi/5.3.1/../../../../arm-none-eabi/lib/armv7e-m/fpu\libg_nano.a(lib_a-malloc.o)
                              ./TM/syscall.o (malloc)
c:/stm32_toolchain/gcc-arm-none-eabi-5_3-151225/bin/../lib/gcc/arm-none-eabi/5.3.1/../../../../arm-none-eabi/lib/armv7e-m/fpu\libg_nano.a(lib_a-nano-freer.o)
                              c:/stm32_toolchain/gcc-arm-none-eabi-5_3-151225/bin/../lib/gcc/arm-none-eabi/5.3.1/../../../../arm-none-eabi/lib/armv7e-m/fpu\libg_nano.a(lib_a-malloc.o) (_free_r)
c:/stm32_toolchain/gcc-arm-none-eabi-5_3-151225/bin/../lib/gcc/arm-none-eabi/5.3.1/../../../../arm-none-eabi/lib/armv7e-m/fpu\libg_nano.a(lib_a-nano-mallocr.o)
                              c:/stm32_toolchain/gcc-arm-none-eabi-5_3-151225/bin/../lib/gcc/arm-none-eabi/5.3.1/../../../../arm-none-eabi/lib/armv7e-m/fpu\libg_nano.a(lib_a-malloc.o) (_malloc_r)
c:/stm32_toolchain/gcc-arm-none-eabi-5_3-151225/bin/../lib/gcc/arm-none-eabi/5.3.1/../../../../arm-none-eabi/lib/armv7e-m/fpu\libg_nano.a(lib_a-sbrkr.o)
                              c:/stm32_toolchain/gcc-arm-none-eabi-5_3-151225/bin/../lib/gcc/arm-none-eabi/5.3.1/../../../../arm-none-eabi/lib/armv7e-m/fpu\libg_nano.a(lib_a-nano-mallocr.o) (_sbrk_r)
c:/stm32_toolchain/gcc-arm-none-eabi-5_3-151225/bin/../lib/gcc/arm-none-eabi/5.3.1/../../../../arm-none-eabi/lib/armv7e-m/fpu\libg_nano.a(lib_a-sprintf.o)
                              ./src/main.o (sprintf)
c:/stm32_toolchain/gcc-arm-none-eabi-5_3-151225/bin/../lib/gcc/arm-none-eabi/5.3.1/../../../../arm-none-eabi/lib/armv7e-m/fpu\libg_nano.a(lib_a-strcpy.o)
                              ./TM/tm_stm32_fatfs.o (strcpy)
c:/stm32_toolchain/gcc-arm-none-eabi-5_3-151225/bin/../lib/gcc/arm-none-eabi/5.3.1/../../../../arm-none-eabi/lib/armv7e-m/fpu\libg_nano.a(lib_a-strlen.o)
                              ./TM/tm_stm32_fatfs.o (strlen)
c:/stm32_toolchain/gcc-arm-none-eabi-5_3-151225/bin/../lib/gcc/arm-none-eabi/5.3.1/../../../../arm-none-eabi/lib/armv7e-m/fpu\libg_nano.a(lib_a-nano-svfprintf.o)
                              c:/stm32_toolchain/gcc-arm-none-eabi-5_3-151225/bin/../lib/gcc/arm-none-eabi/5.3.1/../../../../arm-none-eabi/lib/armv7e-m/fpu\libg_nano.a(lib_a-sprintf.o) (_svfprintf_r)
c:/stm32_toolchain/gcc-arm-none-eabi-5_3-151225/bin/../lib/gcc/arm-none-eabi/5.3.1/../../../../arm-none-eabi/lib/armv7e-m/fpu\libg_nano.a(lib_a-nano-vfprintf_i.o)
                              c:/stm32_toolchain/gcc-arm-none-eabi-5_3-151225/bin/../lib/gcc/arm-none-eabi/5.3.1/../../../../arm-none-eabi/lib/armv7e-m/fpu\libg_nano.a(lib_a-nano-svfprintf.o) (_printf_i)
c:/stm32_toolchain/gcc-arm-none-eabi-5_3-151225/bin/../lib/gcc/arm-none-eabi/5.3.1/../../../../arm-none-eabi/lib/armv7e-m/fpu\libg_nano.a(lib_a-memchr.o)
                              c:/stm32_toolchain/gcc-arm-none-eabi-5_3-151225/bin/../lib/gcc/arm-none-eabi/5.3.1/../../../../arm-none-eabi/lib/armv7e-m/fpu\libg_nano.a(lib_a-nano-svfprintf.o) (memchr)
c:/stm32_toolchain/gcc-arm-none-eabi-5_3-151225/bin/../lib/gcc/arm-none-eabi/5.3.1/../../../../arm-none-eabi/lib/armv7e-m/fpu\libg_nano.a(lib_a-memcpy-stub.o)
                              c:/stm32_toolchain/gcc-arm-none-eabi-5_3-151225/bin/../lib/gcc/arm-none-eabi/5.3.1/../../../../arm-none-eabi/lib/armv7e-m/fpu\libg_nano.a(lib_a-nano-svfprintf.o) (memcpy)
c:/stm32_toolchain/gcc-arm-none-eabi-5_3-151225/bin/../lib/gcc/arm-none-eabi/5.3.1/../../../../arm-none-eabi/lib/armv7e-m/fpu\libg_nano.a(lib_a-memmove.o)
[...]
Memory Configuration

Name             Origin             Length             Attributes
RAM              0x0000000020000000 0x0000000000020000 xrw
CCMRAM           0x0000000010000000 0x0000000000010000 xrw
FLASH            0x0000000008000000 0x0000000000100000 xr
FLASHB1          0x0000000000000000 0x0000000000000000 xr
EXTMEMB0         0x0000000000000000 0x0000000000000000 xr
EXTMEMB1         0x0000000000000000 0x0000000000000000 xr
EXTMEMB2         0x0000000000000000 0x0000000000000000 xr
EXTMEMB3         0x0000000000000000 0x0000000000000000 xr
MEMORY_ARRAY     0x0000000020002000 0x0000000000000020 xrw
*default*        0x0000000000000000 0xffffffffffffffff

Linker script and memory map

LOAD ./system/src/stm32f4-hal/stm32f4xx_hal.o
LOAD ./system/src/stm32f4-hal/stm32f4xx_hal_adc.o
LOAD ./system/src/stm32f4-hal/stm32f4xx_hal_adc_ex.o
LOAD ./system/src/stm32f4-hal/stm32f4xx_hal_can.o
LOAD ./system/src/stm32f4-hal/stm32f4xx_hal_cortex.o
LOAD ./system/src/stm32f4-hal/stm32f4xx_hal_dac.o
LOAD ./system/src/stm32f4-hal/stm32f4xx_hal_dac_ex.o
LOAD ./system/src/stm32f4-hal/stm32f4xx_hal_dma.o
LOAD ./system/src/stm32f4-hal/stm32f4xx_hal_dma_ex.o
LOAD ./system/src/stm32f4-hal/stm32f4xx_hal_flash.o
LOAD ./system/src/stm32f4-hal/stm32f4xx_hal_gpio.o
LOAD ./system/src/stm32f4-hal/stm32f4xx_hal_i2c.o
LOAD ./system/src/stm32f4-hal/stm32f4xx_hal_iwdg.o
LOAD ./system/src/stm32f4-hal/stm32f4xx_hal_pwr.o
LOAD ./system/src/stm32f4-hal/stm32f4xx_hal_rcc.o
LOAD ./system/src/stm32f4-hal/stm32f4xx_hal_rcc_ex.o
LOAD ./system/src/stm32f4-hal/stm32f4xx_hal_sd.o
LOAD ./system/src/stm32f4-hal/stm32f4xx_hal_spi.o
LOAD ./system/src/stm32f4-hal/stm32f4xx_hal_tim.o
LOAD ./system/src/stm32f4-hal/stm32f4xx_hal_tim_ex.o
LOAD ./system/src/stm32f4-hal/stm32f4xx_ll_sdmmc.o
LOAD ./system/src/newlib/_cxx.o
LOAD ./system/src/newlib/_exit.o
LOAD ./system/src/newlib/_sbrk.o
LOAD ./system/src/newlib/_startup.o
LOAD ./system/src/newlib/_syscalls.o
LOAD ./system/src/newlib/assert.o
LOAD ./system/src/diag/Trace.o
LOAD ./system/src/diag/trace_impl.o
LOAD ./system/src/cortexm/_initialize_hardware.o
LOAD ./system/src/cortexm/_reset_hardware.o
LOAD ./system/src/cortexm/exception_handlers.o
LOAD ./system/src/cmsis/system_stm32f4xx.o
LOAD ./system/src/cmsis/vectors_stm32f407xx.o
LOAD ./src/main.o
LOAD ./src/stm32f4_discovery.o
LOAD ./src/stm32f4xx_hal_msp.o
LOAD ./src/stm32f4xx_it.o
LOAD ./TM/diskio.o
LOAD ./TM/fatfs_sd.o
LOAD ./TM/ff.o
LOAD ./TM/syscall.o
LOAD ./TM/tm_stm32_adc.o
LOAD ./TM/tm_stm32_delay.o
LOAD ./TM/tm_stm32_fatfs.o
LOAD ./TM/tm_stm32_gpio.o
LOAD ./TM/tm_stm32_rcc.o
LOAD ./TM/tm_stm32_spi.o
LOAD ./TM/unicode.o
LOAD c:/stm32_toolchain/gcc-arm-none-eabi-5_3-151225/bin/../lib/gcc/arm-none-eabi/5.3.1/../../../../arm-none-eabi/lib/armv7e-m/fpu\libstdc++_nano.a
LOAD c:/stm32_toolchain/gcc-arm-none-eabi-5_3-151225/bin/../lib/gcc/arm-none-eabi/5.3.1/../../../../arm-none-eabi/lib/armv7e-m/fpu\libm.a
START GROUP
LOAD c:/stm32_toolchain/gcc-arm-none-eabi-5_3-151225/bin/../lib/gcc/arm-none-eabi/5.3.1/armv7e-m/fpu\libgcc.a
LOAD c:/stm32_toolchain/gcc-arm-none-eabi-5_3-151225/bin/../lib/gcc/arm-none-eabi/5.3.1/../../../../arm-none-eabi/lib/armv7e-m/fpu\libg_nano.a
LOAD c:/stm32_toolchain/gcc-arm-none-eabi-5_3-151225/bin/../lib/gcc/arm-none-eabi/5.3.1/../../../../arm-none-eabi/lib/armv7e-m/fpu\libc_nano.a
END GROUP
START GROUP
LOAD c:/stm32_toolchain/gcc-arm-none-eabi-5_3-151225/bin/../lib/gcc/arm-none-eabi/5.3.1/armv7e-m/fpu\libgcc.a
LOAD c:/stm32_toolchain/gcc-arm-none-eabi-5_3-151225/bin/../lib/gcc/arm-none-eabi/5.3.1/../../../../arm-none-eabi/lib/armv7e-m/fpu\libc_nano.a
END GROUP
                0x0000000020020000                __stack = (ORIGIN (RAM) + LENGTH (RAM))
                0x0000000020020000                _estack = __stack
                0x0000000000000400                __Main_Stack_Size = 0x400
                [!provide]                        PROVIDE (_Main_Stack_Size, __Main_Stack_Size)
                0x000000002001fc00                __Main_Stack_Limit = (__stack - __Main_Stack_Size)
                [!provide]                        PROVIDE (_Main_Stack_Limit, __Main_Stack_Limit)
                0x0000000000000100                _Minimum_Stack_Size = 0x100
                0x0000000020000c94                PROVIDE (_Heap_Begin, _end_noinit)
                0x000000002001fc00                PROVIDE (_Heap_Limit, (__stack - __Main_Stack_Size))

.isr_vector     0x0000000008000000      0x410
 FILL mask 0xff
                0x0000000008000000                __vectors_start = ABSOLUTE (.)
                0x0000000008000000                __vectors_start__ = ABSOLUTE (.)
 *(.isr_vector)
 .isr_vector    0x0000000008000000      0x188 ./system/src/cmsis/vectors_stm32f407xx.o
                0x0000000008000000                __isr_vectors
 *(.cfmconfig)
 *(.after_vectors .after_vectors.*)
 .after_vectors
                0x0000000008000188      0x1c4 ./system/src/newlib/_startup.o
                0x0000000008000188                _start
 .after_vectors
                0x000000000800034c       0xbc ./system/src/cortexm/exception_handlers.o
                0x000000000800034c                Reset_Handler
                0x0000000008000354                NMI_Handler
                0x000000000800035c                HardFault_Handler
                0x0000000008000374                HardFault_Handler_C
                0x0000000008000380                MemManage_Handler
                0x0000000008000388                BusFault_Handler
                0x00000000080003a0                BusFault_Handler_C
                0x00000000080003ac                UsageFault_Handler
                0x00000000080003c4                UsageFault_Handler_C
                0x00000000080003d0                SVC_Handler
                0x00000000080003d8                DebugMon_Handler
                0x00000000080003e0                PendSV_Handler
 .after_vectors
                0x0000000008000408        0x8 ./system/src/cmsis/vectors_stm32f407xx.o
                0x0000000008000408                RTC_Alarm_IRQHandler
                0x0000000008000408                HASH_RNG_IRQHandler
                0x0000000008000408                EXTI2_IRQHandler
                0x0000000008000408                TIM8_CC_IRQHandler
                0x0000000008000408                TIM1_CC_IRQHandler
                0x0000000008000408                DMA2_Stream5_IRQHandler
                0x0000000008000408                DMA1_Stream5_IRQHandler
                0x0000000008000408                PVD_IRQHandler
                0x0000000008000408                SDIO_IRQHandler
                0x0000000008000408                TAMP_STAMP_IRQHandler
                0x0000000008000408                CAN2_RX1_IRQHandler
                0x0000000008000408                EXTI3_IRQHandler
                0x0000000008000408                TIM8_TRG_COM_TIM14_IRQHandler
                0x0000000008000408                TIM1_UP_TIM10_IRQHandler
                0x0000000008000408                TIM8_UP_TIM13_IRQHandler
                0x0000000008000408                I2C3_ER_IRQHandler
                0x0000000008000408                I2C2_EV_IRQHandler
                0x0000000008000408                DMA1_Stream2_IRQHandler
                0x0000000008000408                FPU_IRQHandler
                0x0000000008000408                OTG_HS_WKUP_IRQHandler
                0x0000000008000408                CAN2_SCE_IRQHandler
                0x0000000008000408                DMA2_Stream2_IRQHandler
                0x0000000008000408                SPI1_IRQHandler
                0x0000000008000408                TIM6_DAC_IRQHandler
                0x0000000008000408                TIM1_BRK_TIM9_IRQHandler
                0x0000000008000408                DCMI_IRQHandler
                0x0000000008000408                CAN2_RX0_IRQHandler
                0x0000000008000408                DMA2_Stream3_IRQHandler
                0x0000000008000408                USART6_IRQHandler
                0x0000000008000408                USART3_IRQHandler
                0x0000000008000408                CAN1_RX1_IRQHandler
                0x0000000008000408                UART5_IRQHandler
                0x0000000008000408                DMA2_Stream0_IRQHandler
                0x0000000008000408                TIM4_IRQHandler
                0x0000000008000408                I2C1_EV_IRQHandler
                0x0000000008000408                DMA1_Stream6_IRQHandler
                0x0000000008000408                DMA1_Stream1_IRQHandler
                0x0000000008000408                UART4_IRQHandler
                0x0000000008000408                TIM3_IRQHandler
                0x0000000008000408                RCC_IRQHandler
                0x0000000008000408                TIM8_BRK_TIM12_IRQHandler
                0x0000000008000408                Default_Handler
                0x0000000008000408                EXTI15_10_IRQHandler
                0x0000000008000408                DMA1_Stream7_IRQHandler
                0x0000000008000408                TIM7_IRQHandler
                0x0000000008000408                TIM5_IRQHandler
                0x0000000008000408                DMA2_Stream7_IRQHandler
                0x0000000008000408                I2C3_EV_IRQHandler
                0x0000000008000408                EXTI9_5_IRQHandler
                0x0000000008000408                RTC_WKUP_IRQHandler
                0x0000000008000408                ETH_WKUP_IRQHandler
                0x0000000008000408                SPI2_IRQHandler
                0x0000000008000408                OTG_HS_EP1_IN_IRQHandler
                0x0000000008000408                DMA1_Stream0_IRQHandler
                0x0000000008000408                CAN1_TX_IRQHandler
                0x0000000008000408                EXTI4_IRQHandler
                0x0000000008000408                ETH_IRQHandler
                0x0000000008000408                OTG_HS_EP1_OUT_IRQHandler
                0x0000000008000408                WWDG_IRQHandler
                0x0000000008000408                OTG_FS_WKUP_IRQHandler
                0x0000000008000408                TIM1_TRG_COM_TIM11_IRQHandler
                0x0000000008000408                OTG_HS_IRQHandler
                0x0000000008000408                EXTI1_IRQHandler
                0x0000000008000408                USART2_IRQHandler
                0x0000000008000408                I2C2_ER_IRQHandler
                0x0000000008000408                DMA2_Stream1_IRQHandler
                0x0000000008000408                CAN1_SCE_IRQHandler
                0x0000000008000408                FLASH_IRQHandler
                0x0000000008000408                DMA2_Stream4_IRQHandler
                0x0000000008000408                USART1_IRQHandler
                0x0000000008000408                OTG_FS_IRQHandler
                0x0000000008000408                SPI3_IRQHandler
                0x0000000008000408                DMA1_Stream4_IRQHandler
                0x0000000008000408                I2C1_ER_IRQHandler
                0x0000000008000408                FMC_IRQHandler
                0x0000000008000408                DMA2_Stream6_IRQHandler
                0x0000000008000408                DMA1_Stream3_IRQHandler

.inits          0x0000000008000410       0x28
                0x0000000008000410                __data_regions_array_start = .
                0x0000000008000410        0x4 LONG 0x800ab70 LOADADDR (.data)
                0x0000000008000414        0x4 LONG 0x20000000 ADDR (.data)
                0x0000000008000418        0x4 LONG 0x2000014c (ADDR (.data) + SIZEOF (.data))
                0x000000000800041c        0x4 LONG 0x800ab70 LOADADDR (.data_CCMRAM)
                0x0000000008000420        0x4 LONG 0x10000000 ADDR (.data_CCMRAM)
                0x0000000008000424        0x4 LONG 0x10000000 (ADDR (.data_CCMRAM) + SIZEOF (.data_CCMRAM))
                0x0000000008000428                __data_regions_array_end = .
                0x0000000008000428                __bss_regions_array_start = .
                0x0000000008000428        0x4 LONG 0x2000014c ADDR (.bss)
                0x000000000800042c        0x4 LONG 0x20000c94 (ADDR (.bss) + SIZEOF (.bss))
                0x0000000008000430        0x4 LONG 0x10000000 ADDR (.bss_CCMRAM)
                0x0000000008000434        0x4 LONG 0x10000000 (ADDR (.bss_CCMRAM) + SIZEOF (.bss_CCMRAM))
                0x0000000008000438                __bss_regions_array_end = .
 *(.init)
 *(.fini)
                0x0000000008000438                . = ALIGN (0x4)
                0x0000000008000438                PROVIDE (__preinit_array_start, .)
 *(.preinit_array_sysinit .preinit_array_sysinit.*)
 *(.preinit_array_platform .preinit_array_platform.*)
 *(.preinit_array .preinit_array.*)
                0x0000000008000438                PROVIDE (__preinit_array_end, .)
                0x0000000008000438                . = ALIGN (0x4)
                0x0000000008000438                PROVIDE (__init_array_start, .)
 *(SORT(.init_array.*))
 *(.init_array)
                0x0000000008000438                PROVIDE (__init_array_end, .)
                0x0000000008000438                . = ALIGN (0x4)
                0x0000000008000438                PROVIDE (__fini_array_start, .)
 *(SORT(.fini_array.*))
 *(.fini_array)
                0x0000000008000438                PROVIDE (__fini_array_end, .)

.flashtext
 *(.flashtext .flashtext.*)

.text           0x0000000008000440     0xa72d
 *(.text .text.*)
 .text.HAL_Init
                0x0000000008000440       0x44 ./system/src/stm32f4-hal/stm32f4xx_hal.o
                0x0000000008000440                HAL_Init
 .text.HAL_InitTick
                0x0000000008000484       0x38 ./system/src/stm32f4-hal/stm32f4xx_hal.o
                0x0000000008000484                HAL_InitTick
 .text.HAL_ADC_Init
                0x00000000080004bc       0x5c ./system/src/stm32f4-hal/stm32f4xx_hal_adc.o
                0x00000000080004bc                HAL_ADC_Init
 .text.HAL_ADC_Start_IT
                0x0000000008000518      0x120 ./system/src/stm32f4-hal/stm32f4xx_hal_adc.o
                0x0000000008000518                HAL_ADC_Start_IT
 .text.HAL_ADC_IRQHandler
                0x0000000008000638      0x264 ./system/src/stm32f4-hal/stm32f4xx_hal_adc.o
                0x0000000008000638                HAL_ADC_IRQHandler
 .text.HAL_ADC_GetValue
                0x000000000800089c       0x1c ./system/src/stm32f4-hal/stm32f4xx_hal_adc.o
                0x000000000800089c                HAL_ADC_GetValue
 .text.HAL_ADC_LevelOutOfWindowCallback
                0x00000000080008b8       0x14 ./system/src/stm32f4-hal/stm32f4xx_hal_adc.o
                0x00000000080008b8                HAL_ADC_LevelOutOfWindowCallback
 .text.HAL_ADC_ErrorCallback
                0x00000000080008cc       0x14 ./system/src/stm32f4-hal/stm32f4xx_hal_adc.o
                0x00000000080008cc                HAL_ADC_ErrorCallback
 .text.HAL_ADC_ConfigChannel
                0x00000000080008e0      0x234 ./system/src/stm32f4-hal/stm32f4xx_hal_adc.o
                0x00000000080008e0                HAL_ADC_ConfigChannel
 .text.ADC_Init
                0x0000000008000b14      0x204 ./system/src/stm32f4-hal/stm32f4xx_hal_adc.o
 .text.HAL_ADCEx_InjectedConvCpltCallback
                0x0000000008000d18       0x14 ./system/src/stm32f4-hal/stm32f4xx_hal_adc_ex.o
                0x0000000008000d18                HAL_ADCEx_InjectedConvCpltCallback
 .text.HAL_CAN_Init
                0x0000000008000d2c      0x254 ./system/src/stm32f4-hal/stm32f4xx_hal_can.o
                0x0000000008000d2c                HAL_CAN_Init
 .text.HAL_CAN_ConfigFilter
                0x0000000008000f80      0x198 ./system/src/stm32f4-hal/stm32f4xx_hal_can.o
                0x0000000008000f80                HAL_CAN_ConfigFilter
 .text.HAL_CAN_Transmit
                0x0000000008001118      0x2ec ./system/src/stm32f4-hal/stm32f4xx_hal_can.o
                0x0000000008001118                HAL_CAN_Transmit
 .text.HAL_CAN_Receive_IT
                0x0000000008001404       0xf4 ./system/src/stm32f4-hal/stm32f4xx_hal_can.o
                0x0000000008001404                HAL_CAN_Receive_IT
 .text.HAL_CAN_IRQHandler
                0x00000000080014f8      0x340 ./system/src/stm32f4-hal/stm32f4xx_hal_can.o
                0x00000000080014f8                HAL_CAN_IRQHandler
 .text.HAL_CAN_TxCpltCallback
                0x0000000008001838       0x14 ./system/src/stm32f4-hal/stm32f4xx_hal_can.o
                0x0000000008001838                HAL_CAN_TxCpltCallback
 .text.HAL_CAN_ErrorCallback
                0x000000000800184c       0x14 ./system/src/stm32f4-hal/stm32f4xx_hal_can.o
                0x000000000800184c                HAL_CAN_ErrorCallback
 .text.CAN_Transmit_IT
                0x0000000008001860       0xa4 ./system/src/stm32f4-hal/stm32f4xx_hal_can.o
 .text.CAN_Receive_IT
                0x0000000008001904      0x248 ./system/src/stm32f4-hal/stm32f4xx_hal_can.o
 .text.NVIC_SetPriorityGrouping
                0x0000000008001b4c       0x48 ./system/src/stm32f4-hal/stm32f4xx_hal_cortex.o
 .text.NVIC_GetPriorityGrouping
                0x0000000008001b94       0x1c ./system/src/stm32f4-hal/stm32f4xx_hal_cortex.o
 .text.NVIC_EnableIRQ
                0x0000000008001bb0       0x34 ./system/src/stm32f4-hal/stm32f4xx_hal_cortex.o
 .text.NVIC_ClearPendingIRQ
                0x0000000008001be4       0x34 ./system/src/stm32f4-hal/stm32f4xx_hal_cortex.o
 .text.NVIC_SetPriority
                0x0000000008001c18       0x54 ./system/src/stm32f4-hal/stm32f4xx_hal_cortex.o
 .text.NVIC_EncodePriority
                0x0000000008001c6c       0x64 ./system/src/stm32f4-hal/stm32f4xx_hal_cortex.o
 .text.SysTick_Config
                0x0000000008001cd0       0x44 ./system/src/stm32f4-hal/stm32f4xx_hal_cortex.o
 .text.HAL_NVIC_SetPriorityGrouping
                0x0000000008001d14       0x18 ./system/src/stm32f4-hal/stm32f4xx_hal_cortex.o
                0x0000000008001d14                HAL_NVIC_SetPriorityGrouping
 .text.HAL_NVIC_SetPriority
                0x0000000008001d2c       0x38 ./system/src/stm32f4-hal/stm32f4xx_hal_cortex.o
                0x0000000008001d2c                HAL_NVIC_SetPriority
 .text.HAL_NVIC_EnableIRQ
                0x0000000008001d64       0x1c ./system/src/stm32f4-hal/stm32f4xx_hal_cortex.o
                0x0000000008001d64                HAL_NVIC_EnableIRQ
 .text.HAL_SYSTICK_Config
                0x0000000008001d80       0x18 ./system/src/stm32f4-hal/stm32f4xx_hal_cortex.o
                0x0000000008001d80                HAL_SYSTICK_Config
 .text.HAL_NVIC_ClearPendingIRQ
                0x0000000008001d98       0x1c ./system/src/stm32f4-hal/stm32f4xx_hal_cortex.o
                0x0000000008001d98                HAL_NVIC_ClearPendingIRQ
 .text.HAL_SYSTICK_CLKSourceConfig
                0x0000000008001db4       0x38 ./system/src/stm32f4-hal/stm32f4xx_hal_cortex.o
                0x0000000008001db4                HAL_SYSTICK_CLKSourceConfig
 .text.HAL_SYSTICK_IRQHandler
                0x0000000008001dec        0xc ./system/src/stm32f4-hal/stm32f4xx_hal_cortex.o
                0x0000000008001dec                HAL_SYSTICK_IRQHandler
 .text.HAL_SYSTICK_Callback
                0x0000000008001df8       0x10 ./system/src/stm32f4-hal/stm32f4xx_hal_cortex.o
                0x0000000008001df8                HAL_SYSTICK_Callback
 .text.HAL_DAC_Init
                0x0000000008001e08       0x44 ./system/src/stm32f4-hal/stm32f4xx_hal_dac.o
                0x0000000008001e08                HAL_DAC_Init
 .text.HAL_DAC_Start
                0x0000000008001e4c       0xd0 ./system/src/stm32f4-hal/stm32f4xx_hal_dac.o
                0x0000000008001e4c                HAL_DAC_Start
 .text.HAL_DAC_ConfigChannel
                0x0000000008001f1c       0x9c ./system/src/stm32f4-hal/stm32f4xx_hal_dac.o
                0x0000000008001f1c                HAL_DAC_ConfigChannel
 .text.HAL_DAC_SetValue
                0x0000000008001fb8       0x4c ./system/src/stm32f4-hal/stm32f4xx_hal_dac.o
                0x0000000008001fb8                HAL_DAC_SetValue
 .text.HAL_GPIO_Init
                0x0000000008002004      0x340 ./system/src/stm32f4-hal/stm32f4xx_hal_gpio.o
                0x0000000008002004                HAL_GPIO_Init
 .text.HAL_GPIO_WritePin
                0x0000000008002344       0x34 ./system/src/stm32f4-hal/stm32f4xx_hal_gpio.o
                0x0000000008002344                HAL_GPIO_WritePin
 .text.HAL_GPIO_TogglePin
                0x0000000008002378       0x24 ./system/src/stm32f4-hal/stm32f4xx_hal_gpio.o
                0x0000000008002378                HAL_GPIO_TogglePin
 .text.HAL_GPIO_EXTI_IRQHandler
                0x000000000800239c       0x30 ./system/src/stm32f4-hal/stm32f4xx_hal_gpio.o
                0x000000000800239c                HAL_GPIO_EXTI_IRQHandler
 .text.HAL_RCC_OscConfig
                0x00000000080023cc      0x490 ./system/src/stm32f4-hal/stm32f4xx_hal_rcc.o
                0x00000000080023cc                HAL_RCC_OscConfig
 .text.HAL_RCC_ClockConfig
                0x000000000800285c      0x314 ./system/src/stm32f4-hal/stm32f4xx_hal_rcc.o
                0x000000000800285c                HAL_RCC_ClockConfig
 .text.HAL_RCC_GetSysClockFreq
                0x0000000008002b70       0xfc ./system/src/stm32f4-hal/stm32f4xx_hal_rcc.o
                0x0000000008002b70                HAL_RCC_GetSysClockFreq
 .text.HAL_RCC_GetHCLKFreq
                0x0000000008002c6c       0x50 ./system/src/stm32f4-hal/stm32f4xx_hal_rcc.o
                0x0000000008002c6c                HAL_RCC_GetHCLKFreq
 .text.HAL_SPI_Init
                0x0000000008002cbc       0xcc ./system/src/stm32f4-hal/stm32f4xx_hal_spi.o
                0x0000000008002cbc                HAL_SPI_Init
 .text.HAL_SPI_MspInit
                0x0000000008002d88       0x14 ./system/src/stm32f4-hal/stm32f4xx_hal_spi.o
                0x0000000008002d88                HAL_SPI_MspInit
 .text.HAL_TIM_Base_Init
                0x0000000008002d9c       0x58 ./system/src/stm32f4-hal/stm32f4xx_hal_tim.o
                0x0000000008002d9c                HAL_TIM_Base_Init
 .text.HAL_TIM_Base_Start_IT
                0x0000000008002df4       0x38 ./system/src/stm32f4-hal/stm32f4xx_hal_tim.o
                0x0000000008002df4                HAL_TIM_Base_Start_IT
 .text.HAL_TIM_IRQHandler
                0x0000000008002e2c      0x210 ./system/src/stm32f4-hal/stm32f4xx_hal_tim.o
                0x0000000008002e2c                HAL_TIM_IRQHandler
 .text.HAL_TIM_ConfigClockSource
                0x000000000800303c      0x1b8 ./system/src/stm32f4-hal/stm32f4xx_hal_tim.o
                0x000000000800303c                HAL_TIM_ConfigClockSource
 .text.HAL_TIM_OC_DelayElapsedCallback
                0x00000000080031f4       0x14 ./system/src/stm32f4-hal/stm32f4xx_hal_tim.o
                0x00000000080031f4                HAL_TIM_OC_DelayElapsedCallback
 .text.HAL_TIM_IC_CaptureCallback
                0x0000000008003208       0x14 ./system/src/stm32f4-hal/stm32f4xx_hal_tim.o
                0x0000000008003208                HAL_TIM_IC_CaptureCallback
 .text.HAL_TIM_PWM_PulseFinishedCallback
                0x000000000800321c       0x14 ./system/src/stm32f4-hal/stm32f4xx_hal_tim.o
                0x000000000800321c                HAL_TIM_PWM_PulseFinishedCallback
 .text.HAL_TIM_TriggerCallback
                0x0000000008003230       0x14 ./system/src/stm32f4-hal/stm32f4xx_hal_tim.o
                0x0000000008003230                HAL_TIM_TriggerCallback
 .text.TIM_Base_SetConfig
                0x0000000008003244      0x154 ./system/src/stm32f4-hal/stm32f4xx_hal_tim.o
                0x0000000008003244                TIM_Base_SetConfig
 .text.TIM_TI1_ConfigInputStage
                0x0000000008003398       0x68 ./system/src/stm32f4-hal/stm32f4xx_hal_tim.o
 .text.TIM_TI2_ConfigInputStage
                0x0000000008003400       0x68 ./system/src/stm32f4-hal/stm32f4xx_hal_tim.o
 .text.TIM_ITRx_SetConfig
                0x0000000008003468       0x40 ./system/src/stm32f4-hal/stm32f4xx_hal_tim.o
 .text.TIM_ETR_SetConfig
                0x00000000080034a8       0x44 ./system/src/stm32f4-hal/stm32f4xx_hal_tim.o
 .text.HAL_TIMEx_MasterConfigSynchronization
                0x00000000080034ec       0x8c ./system/src/stm32f4-hal/stm32f4xx_hal_tim_ex.o
                0x00000000080034ec                HAL_TIMEx_MasterConfigSynchronization
 .text.HAL_TIMEx_CommutationCallback
                0x0000000008003578       0x14 ./system/src/stm32f4-hal/stm32f4xx_hal_tim_ex.o
                0x0000000008003578                HAL_TIMEx_CommutationCallback
 .text.HAL_TIMEx_BreakCallback
                0x000000000800358c       0x14 ./system/src/stm32f4-hal/stm32f4xx_hal_tim_ex.o
                0x000000000800358c                HAL_TIMEx_BreakCallback
 .text._exit    0x00000000080035a0        0xc ./system/src/newlib/_exit.o
                0x00000000080035a0                _exit
 .text._sbrk    0x00000000080035ac       0x68 ./system/src/newlib/_sbrk.o
                0x00000000080035ac                _sbrk
 .text.__initialize_args
                0x0000000008003614       0x28 ./system/src/newlib/_syscalls.o
                0x0000000008003614                __initialize_args
 .text.__initialize_hardware_early
                0x000000000800363c       0x2c ./system/src/cortexm/_initialize_hardware.o
                0x000000000800363c                __initialize_hardware_early
 .text.__initialize_hardware
                0x0000000008003668        0xc ./system/src/cortexm/_initialize_hardware.o
                0x0000000008003668                __initialize_hardware
 .text.NVIC_SystemReset
                0x0000000008003674       0x28 ./system/src/cortexm/_reset_hardware.o
 .text.__reset_hardware
                0x000000000800369c        0x8 ./system/src/cortexm/_reset_hardware.o
                0x000000000800369c                __reset_hardware
 .text.SystemInit
                0x00000000080036a4       0x6c ./system/src/cmsis/system_stm32f4xx.o
                0x00000000080036a4                SystemInit
 .text.SystemCoreClockUpdate
                0x0000000008003710       0xf8 ./system/src/cmsis/system_stm32f4xx.o
                0x0000000008003710                SystemCoreClockUpdate
 .text.main     0x0000000008003808      0x134 ./src/main.o
                0x0000000008003808                main
 .text.SystemClock_Config
                0x000000000800393c       0xc4 ./src/main.o
                0x000000000800393c                SystemClock_Config
 .text.MX_CAN1_Init
                0x0000000008003a00      0x108 ./src/main.o
 .text.MX_CAN2_Init
                0x0000000008003b08       0xe0 ./src/main.o
 .text.MX_GPIO_Init
                0x0000000008003be8       0x60 ./src/main.o
 .text.MX_TIM2_Init
                0x0000000008003c48       0x60 ./src/main.o
 .text.MX_DAC_Init
                0x0000000008003ca8       0x38 ./src/main.o
 .text.MX_ADC3_Init
                0x0000000008003ce0       0x80 ./src/main.o
 .text.Error_Handler
                0x0000000008003d60       0x14 ./src/main.o
 .text.Error_Handler_CANT
                0x0000000008003d74       0x24 ./src/main.o
 .text.Error_Handler_CANR
                0x0000000008003d98       0x24 ./src/main.o
 .text.Error_Handler_fats
                0x0000000008003dbc       0x24 ./src/main.o
 .text.HAL_CAN_RxCpltCallback
                0x0000000008003de0      0x394 ./src/main.o
                0x0000000008003de0                HAL_CAN_RxCpltCallback
 .text.HAL_GPIO_EXTI_Callback
                0x0000000008004174       0x30 ./src/main.o
                0x0000000008004174                HAL_GPIO_EXTI_Callback
 .text.HAL_TIM_PeriodElapsedCallback
                0x00000000080041a4       0x28 ./src/main.o
                0x00000000080041a4                HAL_TIM_PeriodElapsedCallback
 .text.HAL_ADC_ConvCpltCallback
                0x00000000080041cc       0x34 ./src/main.o
                0x00000000080041cc                HAL_ADC_ConvCpltCallback
 .text.storage_inc_data
                0x0000000008004200       0xec ./src/main.o
 *fill*         0x00000000080042ec        0x4 
 .text.P_regler
                0x00000000080042f0      0x1cc ./src/main.o
                0x00000000080042f0                P_regler
 .text.BSP_LED_Init
                0x00000000080044bc       0xe0 ./src/stm32f4_discovery.o
                0x00000000080044bc                BSP_LED_Init
 .text.BSP_LED_On
                0x000000000800459c       0x34 ./src/stm32f4_discovery.o
                0x000000000800459c                BSP_LED_On
 .text.BSP_LED_Off
                0x00000000080045d0       0x34 ./src/stm32f4_discovery.o
                0x00000000080045d0                BSP_LED_Off
 .text.BSP_LED_Toggle
                0x0000000008004604       0x30 ./src/stm32f4_discovery.o
                0x0000000008004604                BSP_LED_Toggle
 .text.BSP_PB_Init
                0x0000000008004634       0xb4 ./src/stm32f4_discovery.o
                0x0000000008004634                BSP_PB_Init
 .text.HAL_MspInit
                0x00000000080046e8       0x1c ./src/stm32f4xx_hal_msp.o
                0x00000000080046e8                HAL_MspInit
 .text.HAL_CAN_MspInit
                0x0000000008004704      0x12c ./src/stm32f4xx_hal_msp.o
                0x0000000008004704                HAL_CAN_MspInit
 .text.HAL_TIM_Base_MspInit
                0x0000000008004830       0x48 ./src/stm32f4xx_hal_msp.o
                0x0000000008004830                HAL_TIM_Base_MspInit
 .text.HAL_ADC_MspInit
                0x0000000008004878       0x68 ./src/stm32f4xx_hal_msp.o
                0x0000000008004878                HAL_ADC_MspInit
 .text.HAL_DAC_MspInit
                0x00000000080048e0       0x70 ./src/stm32f4xx_hal_msp.o
                0x00000000080048e0                HAL_DAC_MspInit
 .text.SysTick_Handler
                0x0000000008004950       0x10 ./src/stm32f4xx_it.o
                0x0000000008004950                SysTick_Handler
 .text.CAN1_RX0_IRQHandler
                0x0000000008004960       0x14 ./src/stm32f4xx_it.o
                0x0000000008004960                CAN1_RX0_IRQHandler
 .text.CAN2_TX_IRQHandler
                0x0000000008004974       0x14 ./src/stm32f4xx_it.o
                0x0000000008004974                CAN2_TX_IRQHandler
 .text.EXTI0_IRQHandler
                0x0000000008004988       0x10 ./src/stm32f4xx_it.o
                0x0000000008004988                EXTI0_IRQHandler
 .text.ADC_IRQHandler
                0x0000000008004998       0x18 ./src/stm32f4xx_it.o
                0x0000000008004998                ADC_IRQHandler
 .text.TIM2_IRQHandler
                0x00000000080049b0       0x14 ./src/stm32f4xx_it.o
                0x00000000080049b0                TIM2_IRQHandler
 .text.disk_initialize
                0x00000000080049c4       0x44 ./TM/diskio.o
                0x00000000080049c4                disk_initialize
 .text.disk_status
                0x0000000008004a08       0x48 ./TM/diskio.o
                0x0000000008004a08                disk_status
 .text.disk_read
                0x0000000008004a50       0x5c ./TM/diskio.o
                0x0000000008004a50                disk_read
 .text.disk_write
                0x0000000008004aac       0x5c ./TM/diskio.o
                0x0000000008004aac                disk_write
 .text.disk_ioctl
                0x0000000008004b08       0x54 ./TM/diskio.o
                0x0000000008004b08                disk_ioctl
 .text.get_fattime
                0x0000000008004b5c       0x14 ./TM/diskio.o
                0x0000000008004b5c                get_fattime
 .text.TM_FATFS_USBFS_disk_initialize
                0x0000000008004b70       0x10 ./TM/diskio.o
                0x0000000008004b70                TM_FATFS_USBFS_disk_initialize
 .text.TM_FATFS_USBHS_disk_initialize
                0x0000000008004b80       0x10 ./TM/diskio.o
                0x0000000008004b80                TM_FATFS_USBHS_disk_initialize
 .text.TM_FATFS_SDRAM_disk_initialize
                0x0000000008004b90       0x10 ./TM/diskio.o
                0x0000000008004b90                TM_FATFS_SDRAM_disk_initialize
 .text.TM_FATFS_SPI_FLASH_disk_initialize
                0x0000000008004ba0       0x10 ./TM/diskio.o
                0x0000000008004ba0                TM_FATFS_SPI_FLASH_disk_initialize
 .text.TM_FATFS_USBFS_disk_status
                0x0000000008004bb0       0x10 ./TM/diskio.o
                0x0000000008004bb0                TM_FATFS_USBFS_disk_status
 .text.TM_FATFS_USBHS_disk_status
                0x0000000008004bc0       0x10 ./TM/diskio.o
                0x0000000008004bc0                TM_FATFS_USBHS_disk_status
 .text.TM_FATFS_SDRAM_disk_status
                0x0000000008004bd0       0x10 ./TM/diskio.o
                0x0000000008004bd0                TM_FATFS_SDRAM_disk_status
 .text.TM_FATFS_SPI_FLASH_disk_status
                0x0000000008004be0       0x10 ./TM/diskio.o
                0x0000000008004be0                TM_FATFS_SPI_FLASH_disk_status
 .text.TM_FATFS_USBFS_disk_ioctl
                0x0000000008004bf0       0x1c ./TM/diskio.o
                0x0000000008004bf0                TM_FATFS_USBFS_disk_ioctl
 .text.TM_FATFS_USBHS_disk_ioctl
                0x0000000008004c0c       0x1c ./TM/diskio.o
                0x0000000008004c0c                TM_FATFS_USBHS_disk_ioctl
 .text.TM_FATFS_SDRAM_disk_ioctl
                0x0000000008004c28       0x1c ./TM/diskio.o
                0x0000000008004c28                TM_FATFS_SDRAM_disk_ioctl
 .text.TM_FATFS_SPI_FLASH_disk_ioctl
                0x0000000008004c44       0x1c ./TM/diskio.o
                0x0000000008004c44                TM_FATFS_SPI_FLASH_disk_ioctl
 .text.TM_FATFS_USBFS_disk_read
                0x0000000008004c60       0x1c ./TM/diskio.o
                0x0000000008004c60                TM_FATFS_USBFS_disk_read
 .text.TM_FATFS_USBHS_disk_read
                0x0000000008004c7c       0x1c ./TM/diskio.o
                0x0000000008004c7c                TM_FATFS_USBHS_disk_read
 .text.TM_FATFS_SDRAM_disk_read
                0x0000000008004c98       0x1c ./TM/diskio.o
                0x0000000008004c98                TM_FATFS_SDRAM_disk_read
 .text.TM_FATFS_SPI_FLASH_disk_read
                0x0000000008004cb4       0x1c ./TM/diskio.o
                0x0000000008004cb4                TM_FATFS_SPI_FLASH_disk_read
 .text.TM_FATFS_USBFS_disk_write
                0x0000000008004cd0       0x1c ./TM/diskio.o
                0x0000000008004cd0                TM_FATFS_USBFS_disk_write
 .text.TM_FATFS_USBHS_disk_write
                0x0000000008004cec       0x1c ./TM/diskio.o
                0x0000000008004cec                TM_FATFS_USBHS_disk_write
 .text.TM_FATFS_SDRAM_disk_write
                0x0000000008004d08       0x1c ./TM/diskio.o
                0x0000000008004d08                TM_FATFS_SDRAM_disk_write
 .text.TM_FATFS_SPI_FLASH_disk_write
                0x0000000008004d24       0x1c ./TM/diskio.o
                0x0000000008004d24                TM_FATFS_SPI_FLASH_disk_write
 .text.TM_SPI_Send
                0x0000000008004d40       0x6c ./TM/fatfs_sd.o
 .text.Delayms  0x0000000008004dac       0x18 ./TM/fatfs_sd.o
 .text.SDCARD_IsDetected
                0x0000000008004dc4       0x10 ./TM/fatfs_sd.o
 .text.SDCARD_IsWriteEnabled
                0x0000000008004dd4       0x10 ./TM/fatfs_sd.o
 .text.init_spi
                0x0000000008004de4       0x2c ./TM/fatfs_sd.o
 .text.rcvr_spi_multi
                0x0000000008004e10       0x24 ./TM/fatfs_sd.o
 .text.xmit_spi_multi
                0x0000000008004e34       0x20 ./TM/fatfs_sd.o
 .text.wait_ready
                0x0000000008004e54       0x44 ./TM/fatfs_sd.o
 .text.deselect
                0x0000000008004e98       0x20 ./TM/fatfs_sd.o
 .text.select   0x0000000008004eb8       0x38 ./TM/fatfs_sd.o
 .text.rcvr_datablock
                0x0000000008004ef0       0x60 ./TM/fatfs_sd.o
 .text.xmit_datablock
                0x0000000008004f50       0x70 ./TM/fatfs_sd.o
 .text.send_cmd
                0x0000000008004fc0       0xf4 ./TM/fatfs_sd.o
 .text.TM_FATFS_InitPins
                0x00000000080050b4       0x28 ./TM/fatfs_sd.o
                0x00000000080050b4                TM_FATFS_InitPins
 .text.TM_FATFS_SD_disk_initialize
                0x00000000080050dc      0x1d0 ./TM/fatfs_sd.o
                0x00000000080050dc                TM_FATFS_SD_disk_initialize
 .text.TM_FATFS_SD_disk_status
                0x00000000080052ac       0x4c ./TM/fatfs_sd.o
                0x00000000080052ac                TM_FATFS_SD_disk_status
 .text.TM_FATFS_SD_disk_read
                0x00000000080052f8       0xc4 ./TM/fatfs_sd.o
                0x00000000080052f8                TM_FATFS_SD_disk_read
 .text.TM_FATFS_SD_disk_write
                0x00000000080053bc      0x100 ./TM/fatfs_sd.o
                0x00000000080053bc                TM_FATFS_SD_disk_write
 .text.TM_FATFS_SD_disk_ioctl
                0x00000000080054bc      0x2e8 ./TM/fatfs_sd.o
                0x00000000080054bc                TM_FATFS_SD_disk_ioctl
 .text.mem_cpy  0x00000000080057a4       0x3c ./TM/ff.o
 .text.mem_set  0x00000000080057e0       0x34 ./TM/ff.o
 .text.mem_cmp  0x0000000008005814       0x50 ./TM/ff.o
 .text.chk_chr  0x0000000008005864       0x38 ./TM/ff.o
 .text.chk_lock
                0x000000000800589c       0xd4 ./TM/ff.o
 .text.enq_lock
                0x0000000008005970       0x48 ./TM/ff.o
 .text.inc_lock
                0x00000000080059b8      0x164 ./TM/ff.o
 .text.dec_lock
                0x0000000008005b1c       0x88 ./TM/ff.o
 .text.clear_lock
                0x0000000008005ba4       0x54 ./TM/ff.o
 .text.sync_window
                0x0000000008005bf8       0x88 ./TM/ff.o
 .text.move_window
                0x0000000008005c80       0x5c ./TM/ff.o
 .text.sync_fs  0x0000000008005cdc      0x140 ./TM/ff.o
 .text.clust2sect
                0x0000000008005e1c       0x40 ./TM/ff.o
                0x0000000008005e1c                clust2sect
 .text.get_fat  0x0000000008005e5c      0x174 ./TM/ff.o
                0x0000000008005e5c                get_fat
 .text.put_fat  0x0000000008005fd0      0x210 ./TM/ff.o
                0x0000000008005fd0                put_fat
 .text.remove_chain
                0x00000000080061e0       0xa8 ./TM/ff.o
 .text.create_chain
                0x0000000008006288      0x128 ./TM/ff.o
 .text.dir_sdi  0x00000000080063b0      0x100 ./TM/ff.o
 .text.dir_next
                0x00000000080064b0      0x1a8 ./TM/ff.o
 .text.dir_alloc
                0x0000000008006658       0x8c ./TM/ff.o
 .text.ld_clust
                0x00000000080066e4       0x5c ./TM/ff.o
 .text.st_clust
                0x0000000008006740       0x48 ./TM/ff.o
 .text.cmp_lfn  0x0000000008006788      0x100 ./TM/ff.o
 .text.fit_lfn  0x0000000008006888       0xec ./TM/ff.o
 .text.gen_numname
                0x0000000008006974      0x11c ./TM/ff.o
 .text.sum_sfn  0x0000000008006a90       0x44 ./TM/ff.o
 .text.dir_find
                0x0000000008006ad4      0x168 ./TM/ff.o
 .text.dir_register
                0x0000000008006c3c      0x200 ./TM/ff.o
 .text.create_name
                0x0000000008006e3c      0x3fc ./TM/ff.o
 .text.follow_path
                0x0000000008007238      0x10c ./TM/ff.o
 .text.get_ldnumber
                0x0000000008007344      0x124 ./TM/ff.o
 .text.check_fs
                0x0000000008007468       0xd4 ./TM/ff.o
 .text.find_volume
                0x000000000800753c      0x570 ./TM/ff.o
 .text.validate
                0x0000000008007aac       0x58 ./TM/ff.o
 .text.f_mount  0x0000000008007b04       0x8c ./TM/ff.o
                0x0000000008007b04                f_mount
 .text.f_open   0x0000000008007b90      0x338 ./TM/ff.o
                0x0000000008007b90                f_open
 .text.f_write  0x0000000008007ec8      0x2d8 ./TM/ff.o
                0x0000000008007ec8                f_write
 .text.f_sync   0x00000000080081a0      0x14c ./TM/ff.o
                0x00000000080081a0                f_sync
 .text.f_close  0x00000000080082ec       0x4c ./TM/ff.o
                0x00000000080082ec                f_close
 .text.f_lseek  0x0000000008008338      0x268 ./TM/ff.o
                0x0000000008008338                f_lseek
 .text.ff_memalloc
                0x00000000080085a0       0x18 ./TM/syscall.o
                0x00000000080085a0                ff_memalloc
 .text.ff_memfree
                0x00000000080085b8       0x18 ./TM/syscall.o
                0x00000000080085b8                ff_memfree
 .text.TM_DELAY_Init
                0x00000000080085d0       0x64 ./TM/tm_stm32_delay.o
                0x00000000080085d0                TM_DELAY_Init
 .text.TM_DELAY_1msHandler
                0x0000000008008634       0x10 ./TM/tm_stm32_delay.o
                0x0000000008008634                TM_DELAY_1msHandler
 .text.HAL_IncTick
                0x0000000008008644      0x10c ./TM/tm_stm32_delay.o
                0x0000000008008644                HAL_IncTick
 .text.HAL_Delay
                0x0000000008008750       0x54 ./TM/tm_stm32_delay.o
                0x0000000008008750                HAL_Delay
 .text.HAL_GetTick
                0x00000000080087a4       0x18 ./TM/tm_stm32_delay.o
                0x00000000080087a4                HAL_GetTick
 .text.TM_GPIO_Init
                0x00000000080087bc       0x48 ./TM/tm_stm32_gpio.o
                0x00000000080087bc                TM_GPIO_Init
 .text.TM_GPIO_InitAlternate
                0x0000000008008804       0xa8 ./TM/tm_stm32_gpio.o
                0x0000000008008804                TM_GPIO_InitAlternate
 .text.TM_GPIO_GetPortSource
                0x00000000080088ac       0x24 ./TM/tm_stm32_gpio.o
                0x00000000080088ac                TM_GPIO_GetPortSource
 .text.TM_GPIO_INT_EnableClock
                0x00000000080088d0       0x30 ./TM/tm_stm32_gpio.o
                0x00000000080088d0                TM_GPIO_INT_EnableClock
 .text.TM_GPIO_INT_Init
                0x0000000008008900      0x110 ./TM/tm_stm32_gpio.o
                0x0000000008008900                TM_GPIO_INT_Init
 .text.TM_SPI_Init
                0x0000000008008a10       0x7c ./TM/tm_stm32_spi.o
                0x0000000008008a10                TM_SPI_Init
 .text.TM_SPI_WriteMulti
                0x0000000008008a8c       0x7c ./TM/tm_stm32_spi.o
                0x0000000008008a8c                TM_SPI_WriteMulti
 .text.TM_SPI_ReadMulti
                0x0000000008008b08       0x84 ./TM/tm_stm32_spi.o
                0x0000000008008b08                TM_SPI_ReadMulti
 .text.TM_SPI_InitCustomPinsCallback
                0x0000000008008b8c       0x18 ./TM/tm_stm32_spi.o
                0x0000000008008b8c                TM_SPI_InitCustomPinsCallback
 .text.TM_SPIx_Init
                0x0000000008008ba4      0x140 ./TM/tm_stm32_spi.o
 .text.TM_SPI1_INT_InitPins
                0x0000000008008ce4       0x60 ./TM/tm_stm32_spi.o
                0x0000000008008ce4                TM_SPI1_INT_InitPins
 .text.TM_SPI2_INT_InitPins
                0x0000000008008d44       0xc8 ./TM/tm_stm32_spi.o
                0x0000000008008d44                TM_SPI2_INT_InitPins
 .text.TM_SPI3_INT_InitPins
                0x0000000008008e0c       0x64 ./TM/tm_stm32_spi.o
                0x0000000008008e0c                TM_SPI3_INT_InitPins
 .text.ff_convert
                0x0000000008008e70       0x78 ./TM/unicode.o
                0x0000000008008e70                ff_convert
 .text.ff_wtoupper
                0x0000000008008ee8       0x9c ./TM/unicode.o
                0x0000000008008ee8                ff_wtoupper
 .text          0x0000000008008f84      0x370 c:/stm32_toolchain/gcc-arm-none-eabi-5_3-151225/bin/../lib/gcc/arm-none-eabi/5.3.1/armv7e-m/fpu\libgcc.a(_arm_addsubdf3.o)
                0x0000000008008f84                __aeabi_drsub
                0x0000000008008f8c                __aeabi_dsub
                0x0000000008008f8c                __subdf3
                0x0000000008008f90                __aeabi_dadd
                0x0000000008008f90                __adddf3
                0x0000000008009208                __floatunsidf
                0x0000000008009208                __aeabi_ui2d
                0x0000000008009228                __floatsidf
                0x0000000008009228                __aeabi_i2d
                0x000000000800924c                __aeabi_f2d
                0x000000000800924c                __extendsfdf2
                0x0000000008009288                __floatundidf
                0x0000000008009288                __aeabi_ul2d
                0x0000000008009298                __floatdidf
                0x0000000008009298                __aeabi_l2d
 .text          0x00000000080092f4      0x424 c:/stm32_toolchain/gcc-arm-none-eabi-5_3-151225/bin/../lib/gcc/arm-none-eabi/5.3.1/armv7e-m/fpu\libgcc.a(_arm_muldivdf3.o)
                0x00000000080092f4                __aeabi_dmul
                0x00000000080092f4                __muldf3
                0x0000000008009548                __divdf3
                0x0000000008009548                __aeabi_ddiv
 .text          0x0000000008009718       0x40 c:/stm32_toolchain/gcc-arm-none-eabi-5_3-151225/bin/../lib/gcc/arm-none-eabi/5.3.1/armv7e-m/fpu\libgcc.a(_arm_fixunsdfsi.o)
                0x0000000008009718                __aeabi_d2uiz
                0x0000000008009718                __fixunsdfsi
 .text          0x0000000008009758       0xa0 c:/stm32_toolchain/gcc-arm-none-eabi-5_3-151225/bin/../lib/gcc/arm-none-eabi/5.3.1/armv7e-m/fpu\libgcc.a(_arm_truncdfsf2.o)
                0x0000000008009758                __truncdfsf2
                0x0000000008009758                __aeabi_d2f
 .text.__errno  0x00000000080097f8        0xc c:/stm32_toolchain/gcc-arm-none-eabi-5_3-151225/bin/../lib/gcc/arm-none-eabi/5.3.1/../../../../arm-none-eabi/lib/armv7e-m/fpu\libg_nano.a(lib_a-errno.o)
                0x00000000080097f8                __errno
 .text.malloc   0x0000000008009804       0x10 c:/stm32_toolchain/gcc-arm-none-eabi-5_3-151225/bin/../lib/gcc/arm-none-eabi/5.3.1/../../../../arm-none-eabi/lib/armv7e-m/fpu\libg_nano.a(lib_a-malloc.o)
                0x0000000008009804                malloc
 .text.free     0x0000000008009814       0x10 c:/stm32_toolchain/gcc-arm-none-eabi-5_3-151225/bin/../lib/gcc/arm-none-eabi/5.3.1/../../../../arm-none-eabi/lib/armv7e-m/fpu\libg_nano.a(lib_a-malloc.o)
                0x0000000008009814                free
 .text._free_r  0x0000000008009824       0x8c c:/stm32_toolchain/gcc-arm-none-eabi-5_3-151225/bin/../lib/gcc/arm-none-eabi/5.3.1/../../../../arm-none-eabi/lib/armv7e-m/fpu\libg_nano.a(lib_a-nano-freer.o)
                0x0000000008009824                _free_r
 .text._malloc_r
                0x00000000080098b0       0xa8 c:/stm32_toolchain/gcc-arm-none-eabi-5_3-151225/bin/../lib/gcc/arm-none-eabi/5.3.1/../../../../arm-none-eabi/lib/armv7e-m/fpu\libg_nano.a(lib_a-nano-mallocr.o)
                0x00000000080098b0                _malloc_r
 .text._sbrk_r  0x0000000008009958       0x20 c:/stm32_toolchain/gcc-arm-none-eabi-5_3-151225/bin/../lib/gcc/arm-none-eabi/5.3.1/../../../../arm-none-eabi/lib/armv7e-m/fpu\libg_nano.a(lib_a-sbrkr.o)
                0x0000000008009958                _sbrk_r
 .text.sprintf  0x0000000008009978       0x48 c:/stm32_toolchain/gcc-arm-none-eabi-5_3-151225/bin/../lib/gcc/arm-none-eabi/5.3.1/../../../../arm-none-eabi/lib/armv7e-m/fpu\libg_nano.a(lib_a-sprintf.o)
                0x0000000008009978                siprintf
                0x0000000008009978                sprintf
 .text.__ssputs_r
                0x00000000080099c0       0xb2 c:/stm32_toolchain/gcc-arm-none-eabi-5_3-151225/bin/../lib/gcc/arm-none-eabi/5.3.1/../../../../arm-none-eabi/lib/armv7e-m/fpu\libg_nano.a(lib_a-nano-svfprintf.o)
                0x00000000080099c0                __ssputs_r
 *fill*         0x0000000008009a72        0x2 
 .text._svfprintf_r
                0x0000000008009a74      0x1e8 c:/stm32_toolchain/gcc-arm-none-eabi-5_3-151225/bin/../lib/gcc/arm-none-eabi/5.3.1/../../../../arm-none-eabi/lib/armv7e-m/fpu\libg_nano.a(lib_a-nano-svfprintf.o)
                0x0000000008009a74                _svfiprintf_r
                0x0000000008009a74                _svfprintf_r
 .text._printf_common
                0x0000000008009c5c       0xec c:/stm32_toolchain/gcc-arm-none-eabi-5_3-151225/bin/../lib/gcc/arm-none-eabi/5.3.1/../../../../arm-none-eabi/lib/armv7e-m/fpu\libg_nano.a(lib_a-nano-vfprintf_i.o)
                0x0000000008009c5c                _printf_common
 .text._printf_i
                0x0000000008009d48      0x24c c:/stm32_toolchain/gcc-arm-none-eabi-5_3-151225/bin/../lib/gcc/arm-none-eabi/5.3.1/../../../../arm-none-eabi/lib/armv7e-m/fpu\libg_nano.a(lib_a-nano-vfprintf_i.o)
                0x0000000008009d48                _printf_i
 *fill*         0x0000000008009f94        0xc 
 .text          0x0000000008009fa0       0xa0 c:/stm32_toolchain/gcc-arm-none-eabi-5_3-151225/bin/../lib/gcc/arm-none-eabi/5.3.1/../../../../arm-none-eabi/lib/armv7e-m/fpu\libg_nano.a(lib_a-memchr.o)
                0x0000000008009fa0                memchr
 .text.memcpy   0x000000000800a040       0x16 c:/stm32_toolchain/gcc-arm-none-eabi-5_3-151225/bin/../lib/gcc/arm-none-eabi/5.3.1/../../../../arm-none-eabi/lib/armv7e-m/fpu\libg_nano.a(lib_a-memcpy-stub.o)
                0x000000000800a040                memcpy
 .text.memmove  0x000000000800a056       0x36 c:/stm32_toolchain/gcc-arm-none-eabi-5_3-151225/bin/../lib/gcc/arm-none-eabi/5.3.1/../../../../arm-none-eabi/lib/armv7e-m/fpu\libg_nano.a(lib_a-memmove.o)
                0x000000000800a056                memmove
 .text._realloc_r
                0x000000000800a08c       0x4c c:/stm32_toolchain/gcc-arm-none-eabi-5_3-151225/bin/../lib/gcc/arm-none-eabi/5.3.1/../../../../arm-none-eabi/lib/armv7e-m/fpu\libg_nano.a(lib_a-nano-reallocr.o)
                0x000000000800a08c                _realloc_r
 .text._malloc_usable_size_r
                0x000000000800a0d8       0x14 c:/stm32_toolchain/gcc-arm-none-eabi-5_3-151225/bin/../lib/gcc/arm-none-eabi/5.3.1/../../../../arm-none-eabi/lib/armv7e-m/fpu\libg_nano.a(lib_a-nano-msizer.o)
                0x000000000800a0d8                _malloc_usable_size_r
 *(.rodata .rodata.* .constdata .constdata.*)
 .rodata.APBAHBPrescTable
                0x000000000800a0ec       0x10 ./system/src/stm32f4-hal/stm32f4xx_hal_rcc.o
                0x000000000800a0ec                APBAHBPrescTable
 .rodata.AHBPrescTable
                0x000000000800a0fc       0x10 ./system/src/cmsis/system_stm32f4xx.o
                0x000000000800a0fc                AHBPrescTable
 .rodata        0x000000000800a10c       0x17 ./src/main.o
 *fill*         0x000000000800a123        0x1 
 .rodata.GPIO_PIN
                0x000000000800a124        0x8 ./src/stm32f4_discovery.o
                0x000000000800a124                GPIO_PIN
 .rodata.ExCvt  0x000000000800a12c       0x80 ./TM/ff.o
 .rodata.LfnOfs
                0x000000000800a1ac        0xd ./TM/ff.o
 *fill*         0x000000000800a1b9        0x3 
 .rodata        0x000000000800a1bc       0x9e ./TM/ff.o
 *fill*         0x000000000800a25a        0x2 
 .rodata.str.4428
                0x000000000800a25c       0x24 ./TM/ff.o
 .rodata.Tbl    0x000000000800a280      0x100 ./TM/unicode.o
 .rodata.lower.3903
                0x000000000800a380      0x3dc ./TM/unicode.o
 .rodata.upper.3904
                0x000000000800a75c      0x3dc ./TM/unicode.o
 .rodata.str1.1
                0x000000000800ab38        0x2 c:/stm32_toolchain/gcc-arm-none-eabi-5_3-151225/bin/../lib/gcc/arm-none-eabi/5.3.1/../../../../arm-none-eabi/lib/armv7e-m/fpu\libg_nano.a(lib_a-impure.o)
 .rodata.str1.1
                0x000000000800ab3a       0x11 c:/stm32_toolchain/gcc-arm-none-eabi-5_3-151225/bin/../lib/gcc/arm-none-eabi/5.3.1/../../../../arm-none-eabi/lib/armv7e-m/fpu\libg_nano.a(lib_a-nano-svfprintf.o)
 .rodata.str1.1
                0x000000000800ab4b       0x22 c:/stm32_toolchain/gcc-arm-none-eabi-5_3-151225/bin/../lib/gcc/arm-none-eabi/5.3.1/../../../../arm-none-eabi/lib/armv7e-m/fpu\libg_nano.a(lib_a-nano-vfprintf_i.o)
 *(vtable)
 *(.eh_frame*)
 *(.glue_7)
 .glue_7        0x000000000800ab6d        0x0 linker stubs
 *(.glue_7t)
 .glue_7t       0x000000000800ab6d        0x0 linker stubs

.vfp11_veneer   0x000000000800ab70        0x0
 .vfp11_veneer  0x000000000800ab70        0x0 linker stubs

.v4_bx          0x000000000800ab70        0x0
 .v4_bx         0x000000000800ab70        0x0 linker stubs

.iplt           0x000000000800ab70        0x0
 .iplt          0x000000000800ab70        0x0 ./system/src/stm32f4-hal/stm32f4xx_hal.o

.rel.dyn        0x000000000800ab70        0x0
 .rel.iplt      0x000000000800ab70        0x0 ./system/src/stm32f4-hal/stm32f4xx_hal.o

.ARM.extab
 *(.ARM.extab* .gnu.linkonce.armextab.*)
                0x000000000800ab70                . = ALIGN (0x4)
                0x000000000800ab70                __exidx_start = .

.ARM.exidx
 *(.ARM.exidx* .gnu.linkonce.armexidx.*)
                0x000000000800ab70                __exidx_end = .
                0x000000000800ab70                . = ALIGN (0x4)
                0x000000000800ab70                _etext = .
                0x000000000800ab70                __etext = .

.data_CCMRAM    0x0000000010000000        0x0 load address 0x000000000800ab70
 FILL mask 0xff
 *(.data.CCMRAM .data.CCMRAM.*)
                0x0000000010000000                . = ALIGN (0x4)
                0x000000000800ab70                _sidata = LOADADDR (.data)

.data           0x0000000020000000      0x14c load address 0x000000000800ab70
 FILL mask 0xff
                0x0000000020000000                _sdata = .
                0x0000000020000000                __data_start__ = .
 *(.data_begin .data_begin.*)
 .data_begin    0x0000000020000000        0x4 ./system/src/newlib/_startup.o
 *(.data .data.*)
 .data.argv.4240
                0x0000000020000004        0x8 ./system/src/newlib/_syscalls.o
 .data.SystemCoreClock
                0x000000002000000c        0x4 ./system/src/cmsis/system_stm32f4xx.o
                0x000000002000000c                SystemCoreClock
 .data.kp       0x0000000020000010        0x4 ./src/main.o
                0x0000000020000010                kp
 .data.pi       0x0000000020000014        0x4 ./src/main.o
                0x0000000020000014                pi
 .data.GPIO_PORT
                0x0000000020000018       0x10 ./src/stm32f4_discovery.o
                0x0000000020000018                GPIO_PORT
 .data.BUTTON_PORT
                0x0000000020000028        0x4 ./src/stm32f4_discovery.o
                0x0000000020000028                BUTTON_PORT
 .data.FATFS_LowLevelDrivers
                0x000000002000002c       0xb4 ./TM/diskio.o
                0x000000002000002c                FATFS_LowLevelDrivers
 .data.TM_FATFS_SD_Stat
                0x00000000200000e0        0x1 ./TM/fatfs_sd.o
 *fill*         0x00000000200000e1        0x3 ff
 .data.impure_data
                0x00000000200000e4       0x60 c:/stm32_toolchain/gcc-arm-none-eabi-5_3-151225/bin/../lib/gcc/arm-none-eabi/5.3.1/../../../../arm-none-eabi/lib/armv7e-m/fpu\libg_nano.a(lib_a-impure.o)
 .data._impure_ptr
                0x0000000020000144        0x4 c:/stm32_toolchain/gcc-arm-none-eabi-5_3-151225/bin/../lib/gcc/arm-none-eabi/5.3.1/../../../../arm-none-eabi/lib/armv7e-m/fpu\libg_nano.a(lib_a-impure.o)
                0x0000000020000144                _impure_ptr
 *(.data_end .data_end.*)
 .data_end      0x0000000020000148        0x4 ./system/src/newlib/_startup.o
                0x000000002000014c                . = ALIGN (0x4)
                0x000000002000014c                _edata = .
                0x000000002000014c                __data_end__ = .

.igot.plt       0x000000002000014c        0x0 load address 0x000000000800acbc
 .igot.plt      0x000000002000014c        0x0 ./system/src/stm32f4-hal/stm32f4xx_hal.o

.bss_CCMRAM     0x0000000010000000        0x0
 *(.bss.CCMRAM .bss.CCMRAM.*)

.bss            0x000000002000014c      0xb48
                0x000000002000014c                __bss_start__ = .
                0x000000002000014c                _sbss = .
 *(.bss_begin .bss_begin.*)
 .bss_begin     0x000000002000014c        0x4 ./system/src/newlib/_startup.o
 *(.bss .bss.*)
 .bss.current_heap_end.3923
                0x0000000020000150        0x4 ./system/src/newlib/_sbrk.o
 .bss.name.4239
                0x0000000020000154        0x1 ./system/src/newlib/_syscalls.o
 *fill*         0x0000000020000155        0x3 
 .bss.u1        0x0000000020000158        0x4 ./src/main.o
                0x0000000020000158                u1
 .bss.TxMessage
                0x000000002000015c       0x1c ./src/main.o
 .bss.RxMessage
                0x0000000020000178       0x24 ./src/main.o
 .bss.cantrans_sdstor_init
                0x000000002000019c        0x1 ./src/main.o
                0x000000002000019c                cantrans_sdstor_init
 .bss.save_files
                0x000000002000019d        0x1 ./src/main.o
                0x000000002000019d                save_files
 .bss.co_arr_save_TR1
                0x000000002000019e        0x2 ./src/main.o
                0x000000002000019e                co_arr_save_TR1
 .bss.co_arr_full_TR1
                0x00000000200001a0        0x1 ./src/main.o
                0x00000000200001a0                co_arr_full_TR1
 .bss.signal_arrvoll_torque1
                0x00000000200001a1        0x1 ./src/main.o
                0x00000000200001a1                signal_arrvoll_torque1
 .bss.button    0x00000000200001a2        0x1 ./src/main.o
                0x00000000200001a2                button
 *fill*         0x00000000200001a3        0x1 
 .bss.FileSize  0x00000000200001a4        0x4 ./src/main.o
                0x00000000200001a4                FileSize
 .bss.ADC3ConvertedValue
                0x00000000200001a8        0x2 ./src/main.o
                0x00000000200001a8                ADC3ConvertedValue
 *fill*         0x00000000200001aa        0x2 
 .bss.CAN1_CLK_ENABLED
                0x00000000200001ac        0x4 ./src/stm32f4xx_hal_msp.o
 .bss.TM_FATFS_SD_CardType
                0x00000000200001b0        0x1 ./TM/fatfs_sd.o
 *fill*         0x00000000200001b1        0x3 
 .bss.FatFs     0x00000000200001b4       0x24 ./TM/ff.o
 .bss.Fsid      0x00000000200001d8        0x2 ./TM/ff.o
 .bss.CurrVol   0x00000000200001da        0x1 ./TM/ff.o
 *fill*         0x00000000200001db        0x1 
 .bss.Files     0x00000000200001dc       0x78 ./TM/ff.o
 .bss.TM_Time2  0x0000000020000254        0x4 ./TM/tm_stm32_delay.o
                0x0000000020000254                TM_Time2
 .bss.TM_Time   0x0000000020000258        0x4 ./TM/tm_stm32_delay.o
                0x0000000020000258                TM_Time
 .bss.CustomTimers
                0x000000002000025c       0x18 ./TM/tm_stm32_delay.o
 .bss.GPIO_UsedPins
                0x0000000020000274       0x1a ./TM/tm_stm32_gpio.o
 *fill*         0x000000002000028e        0x2 
 .bss.__malloc_sbrk_start
                0x0000000020000290        0x4 c:/stm32_toolchain/gcc-arm-none-eabi-5_3-151225/bin/../lib/gcc/arm-none-eabi/5.3.1/../../../../arm-none-eabi/lib/armv7e-m/fpu\libg_nano.a(lib_a-nano-mallocr.o)
                0x0000000020000290                __malloc_sbrk_start
 .bss.__malloc_free_list
                0x0000000020000294        0x4 c:/stm32_toolchain/gcc-arm-none-eabi-5_3-151225/bin/../lib/gcc/arm-none-eabi/5.3.1/../../../../arm-none-eabi/lib/armv7e-m/fpu\libg_nano.a(lib_a-nano-mallocr.o)
                0x0000000020000294                __malloc_free_list
 *(COMMON)
 COMMON         0x0000000020000298        0x4 ./system/src/newlib/_syscalls.o
                0x0000000020000298                errno
 COMMON         0x000000002000029c      0x9f4 ./src/main.o
                0x000000002000029c                trq_eng_in1
                0x00000000200002a0                iges
                0x00000000200002a4                gear
                0x00000000200002a6                left_wheel_speed
                0x00000000200002a8                wbytes
                0x00000000200002ac                arr2SD
                0x00000000200006ac                hcan2
                0x00000000200006ec                hadc3
                0x0000000020000730                CardSize
                0x0000000020000738                hdac
                0x000000002000074c                buffer
                0x00000000200007b0                fil_torque1
                0x00000000200009d8                trq_eng_in3
                0x00000000200009dc                htim2
                0x0000000020000a18                hcan1
                0x0000000020000a58                FS
                0x0000000020000c8c                fres
                0x0000000020000c8e                vehicle_speed
 *(.bss_end .bss_end.*)
 .bss_end       0x0000000020000c90        0x4 ./system/src/newlib/_startup.o
                0x0000000020000c94                . = ALIGN (0x4)
                0x0000000020000c94                __bss_end__ = .
                0x0000000020000c94                _ebss = .

.noinit_CCMRAM
 *(.noinit.CCMRAM .noinit.CCMRAM.*)

.noinit         0x0000000020000c94        0x0
                0x0000000020000c94                _noinit = .
 *(.noinit .noinit.*)
                0x0000000020000c94                . = ALIGN (0x4)
                0x0000000020000c94                _end_noinit = .
                [!provide]                        PROVIDE (end, _end_noinit)
                [!provide]                        PROVIDE (_end, _end_noinit)
                [!provide]                        PROVIDE (__end, _end_noinit)
                [!provide]                        PROVIDE (__end__, _end_noinit)

._check_stack   0x0000000020000c94      0x100
                0x0000000020000d94                . = (. + _Minimum_Stack_Size)
 *fill*         0x0000000020000c94      0x100 

.b1text
 *(.b1text)
 *(.b1rodata)
 *(.b1rodata.*)

.eb0text
 *(.eb0text)
 *(.eb0rodata)
 *(.eb0rodata.*)

.eb1text
 *(.eb1text)
 *(.eb1rodata)
 *(.eb1rodata.*)

.eb2text
 *(.eb2text)
 *(.eb2rodata)
 *(.eb2rodata.*)

.eb3text
 *(.eb3text)
 *(.eb3rodata)
 *(.eb3rodata.*)

.stab
 *(.stab)

.stabstr
 *(.stabstr)

.stab.excl
 *(.stab.excl)

.stab.exclstr
 *(.stab.exclstr)

.stab.index
 *(.stab.index)

.stab.indexstr
 *(.stab.indexstr)

.comment        0x0000000000000000       0x5d
 *(.comment)
 .comment       0x0000000000000000       0x5d ./system/src/stm32f4-hal/stm32f4xx_hal.o
                                         0x5e (size before relaxing)
 .comment       0x000000000000005d       0x5e ./system/src/stm32f4-hal/stm32f4xx_hal_adc.o
 .comment       0x000000000000005d       0x5e ./system/src/stm32f4-hal/stm32f4xx_hal_adc_ex.o
 .comment       0x000000000000005d       0x5e ./system/src/stm32f4-hal/stm32f4xx_hal_can.o
 .comment       0x000000000000005d       0x5e ./system/src/stm32f4-hal/stm32f4xx_hal_cortex.o
 .comment       0x000000000000005d       0x5e ./system/src/stm32f4-hal/stm32f4xx_hal_dac.o
 .comment       0x000000000000005d       0x5e ./system/src/stm32f4-hal/stm32f4xx_hal_gpio.o
 .comment       0x000000000000005d       0x5e ./system/src/stm32f4-hal/stm32f4xx_hal_rcc.o
 .comment       0x000000000000005d       0x5e ./system/src/stm32f4-hal/stm32f4xx_hal_spi.o
 .comment       0x000000000000005d       0x5e ./system/src/stm32f4-hal/stm32f4xx_hal_tim.o
 .comment       0x000000000000005d       0x5e ./system/src/stm32f4-hal/stm32f4xx_hal_tim_ex.o
 .comment       0x000000000000005d       0x5e ./system/src/newlib/_exit.o
 .comment       0x000000000000005d       0x5e ./system/src/newlib/_sbrk.o
 .comment       0x000000000000005d       0x5e ./system/src/newlib/_startup.o
 .comment       0x000000000000005d       0x5e ./system/src/newlib/_syscalls.o
 .comment       0x000000000000005d       0x5e ./system/src/cortexm/_initialize_hardware.o
 .comment       0x000000000000005d       0x5e ./system/src/cortexm/_reset_hardware.o
 .comment       0x000000000000005d       0x5e ./system/src/cortexm/exception_handlers.o
 .comment       0x000000000000005d       0x5e ./system/src/cmsis/system_stm32f4xx.o
 .comment       0x000000000000005d       0x5e ./system/src/cmsis/vectors_stm32f407xx.o
 .comment       0x000000000000005d       0x5e ./src/main.o
 .comment       0x000000000000005d       0x5e ./src/stm32f4_discovery.o
 .comment       0x000000000000005d       0x5e ./src/stm32f4xx_hal_msp.o
 .comment       0x000000000000005d       0x5e ./src/stm32f4xx_it.o
 .comment       0x000000000000005d       0x5e ./TM/diskio.o
 .comment       0x000000000000005d       0x5e ./TM/fatfs_sd.o
 .comment       0x000000000000005d       0x5e ./TM/ff.o
 .comment       0x000000000000005d       0x5e ./TM/syscall.o
 .comment       0x000000000000005d       0x5e ./TM/tm_stm32_delay.o
 .comment       0x000000000000005d       0x5e ./TM/tm_stm32_gpio.o
 .comment       0x000000000000005d       0x5e ./TM/tm_stm32_spi.o
 .comment       0x000000000000005d       0x5e ./TM/unicode.o
 .comment       0x000000000000005d       0x5e c:/stm32_toolchain/gcc-arm-none-eabi-5_3-151225/bin/../lib/gcc/arm-none-eabi/5.3.1/../../../../arm-none-eabi/lib/armv7e-m/fpu\libg_nano.a(lib_a-errno.o)
 .comment       0x000000000000005d       0x5e c:/stm32_toolchain/gcc-arm-none-eabi-5_3-151225/bin/../lib/gcc/arm-none-eabi/5.3.1/../../../../arm-none-eabi/lib/armv7e-m/fpu\libg_nano.a(lib_a-impure.o)
 .comment       0x000000000000005d       0x5e c:/stm32_toolchain/gcc-arm-none-eabi-5_3-151225/bin/../lib/gcc/arm-none-eabi/5.3.1/../../../../arm-none-eabi/lib/armv7e-m/fpu\libg_nano.a(lib_a-malloc.o)
 .comment       0x000000000000005d       0x5e c:/stm32_toolchain/gcc-arm-none-eabi-5_3-151225/bin/../lib/gcc/arm-none-eabi/5.3.1/../../../../arm-none-eabi/lib/armv7e-m/fpu\libg_nano.a(lib_a-nano-freer.o)
 .comment       0x000000000000005d       0x5e c:/stm32_toolchain/gcc-arm-none-eabi-5_3-151225/bin/../lib/gcc/arm-none-eabi/5.3.1/../../../../arm-none-eabi/lib/armv7e-m/fpu\libg_nano.a(lib_a-nano-mallocr.o)
 .comment       0x000000000000005d       0x5e c:/stm32_toolchain/gcc-arm-none-eabi-5_3-151225/bin/../lib/gcc/arm-none-eabi/5.3.1/../../../../arm-none-eabi/lib/armv7e-m/fpu\libg_nano.a(lib_a-sbrkr.o)
 .comment       0x000000000000005d       0x5e c:/stm32_toolchain/gcc-arm-none-eabi-5_3-151225/bin/../lib/gcc/arm-none-eabi/5.3.1/../../../../arm-none-eabi/lib/armv7e-m/fpu\libg_nano.a(lib_a-sprintf.o)
 .comment       0x000000000000005d       0x5e c:/stm32_toolchain/gcc-arm-none-eabi-5_3-151225/bin/../lib/gcc/arm-none-eabi/5.3.1/../../../../arm-none-eabi/lib/armv7e-m/fpu\libg_nano.a(lib_a-nano-svfprintf.o)
 .comment       0x000000000000005d       0x5e c:/stm32_toolchain/gcc-arm-none-eabi-5_3-151225/bin/../lib/gcc/arm-none-eabi/5.3.1/../../../../arm-none-eabi/lib/armv7e-m/fpu\libg_nano.a(lib_a-nano-vfprintf_i.o)
 .comment       0x000000000000005d       0x5e c:/stm32_toolchain/gcc-arm-none-eabi-5_3-151225/bin/../lib/gcc/arm-none-eabi/5.3.1/../../../../arm-none-eabi/lib/armv7e-m/fpu\libg_nano.a(lib_a-memcpy-stub.o)
 .comment       0x000000000000005d       0x5e c:/stm32_toolchain/gcc-arm-none-eabi-5_3-151225/bin/../lib/gcc/arm-none-eabi/5.3.1/../../../../arm-none-eabi/lib/armv7e-m/fpu\libg_nano.a(lib_a-memmove.o)
 .comment       0x000000000000005d       0x5e c:/stm32_toolchain/gcc-arm-none-eabi-5_3-151225/bin/../lib/gcc/arm-none-eabi/5.3.1/../../../../arm-none-eabi/lib/armv7e-m/fpu\libg_nano.a(lib_a-nano-reallocr.o)
 .comment       0x000000000000005d       0x5e c:/stm32_toolchain/gcc-arm-none-eabi-5_3-151225/bin/../lib/gcc/arm-none-eabi/5.3.1/../../../../arm-none-eabi/lib/armv7e-m/fpu\libg_nano.a(lib_a-nano-msizer.o)

.ARM.attributes
                0x0000000000000000       0x37
 .ARM.attributes
                0x0000000000000000       0x39 ./system/src/stm32f4-hal/stm32f4xx_hal.o
 .ARM.attributes
                0x0000000000000039       0x39 ./system/src/stm32f4-hal/stm32f4xx_hal_adc.o
 .ARM.attributes
                0x0000000000000072       0x39 ./system/src/stm32f4-hal/stm32f4xx_hal_adc_ex.o
 .ARM.attributes
                0x00000000000000ab       0x39 ./system/src/stm32f4-hal/stm32f4xx_hal_can.o
 .ARM.attributes
                0x00000000000000e4       0x39 ./system/src/stm32f4-hal/stm32f4xx_hal_cortex.o
 .ARM.attributes
                0x000000000000011d       0x39 ./system/src/stm32f4-hal/stm32f4xx_hal_dac.o
 .ARM.attributes
                0x0000000000000156       0x39 ./system/src/stm32f4-hal/stm32f4xx_hal_gpio.o
 .ARM.attributes
                0x000000000000018f       0x39 ./system/src/stm32f4-hal/stm32f4xx_hal_rcc.o
 .ARM.attributes
                0x00000000000001c8       0x39 ./system/src/stm32f4-hal/stm32f4xx_hal_spi.o
 .ARM.attributes
                0x0000000000000201       0x39 ./system/src/stm32f4-hal/stm32f4xx_hal_tim.o
 .ARM.attributes
                0x000000000000023a       0x39 ./system/src/stm32f4-hal/stm32f4xx_hal_tim_ex.o
 .ARM.attributes
                0x0000000000000273       0x39 ./system/src/newlib/_exit.o
 .ARM.attributes
                0x00000000000002ac       0x39 ./system/src/newlib/_sbrk.o
 .ARM.attributes
                0x00000000000002e5       0x39 ./system/src/newlib/_startup.o
 .ARM.attributes
                0x000000000000031e       0x39 ./system/src/newlib/_syscalls.o
 .ARM.attributes
                0x0000000000000357       0x39 ./system/src/cortexm/_initialize_hardware.o
 .ARM.attributes
                0x0000000000000390       0x39 ./system/src/cortexm/_reset_hardware.o
 .ARM.attributes
                0x00000000000003c9       0x39 ./system/src/cortexm/exception_handlers.o
 .ARM.attributes
                0x0000000000000402       0x39 ./system/src/cmsis/system_stm32f4xx.o
 .ARM.attributes
                0x000000000000043b       0x39 ./system/src/cmsis/vectors_stm32f407xx.o
 .ARM.attributes
                0x0000000000000474       0x39 ./src/main.o
 .ARM.attributes
                0x00000000000004ad       0x39 ./src/stm32f4_discovery.o
 .ARM.attributes
                0x00000000000004e6       0x39 ./src/stm32f4xx_hal_msp.o
 .ARM.attributes
                0x000000000000051f       0x39 ./src/stm32f4xx_it.o
 .ARM.attributes
                0x0000000000000558       0x39 ./TM/diskio.o
 .ARM.attributes
                0x0000000000000591       0x39 ./TM/fatfs_sd.o
 .ARM.attributes
                0x00000000000005ca       0x39 ./TM/ff.o
 .ARM.attributes
                0x0000000000000603       0x39 ./TM/syscall.o
 .ARM.attributes
                0x000000000000063c       0x39 ./TM/tm_stm32_delay.o
 .ARM.attributes
                0x0000000000000675       0x39 ./TM/tm_stm32_gpio.o
 .ARM.attributes
                0x00000000000006ae       0x39 ./TM/tm_stm32_spi.o
 .ARM.attributes
                0x00000000000006e7       0x39 ./TM/unicode.o
 .ARM.attributes
                0x0000000000000720       0x22 c:/stm32_toolchain/gcc-arm-none-eabi-5_3-151225/bin/../lib/gcc/arm-none-eabi/5.3.1/armv7e-m/fpu\libgcc.a(_arm_addsubdf3.o)
 .ARM.attributes
                0x0000000000000742       0x22 c:/stm32_toolchain/gcc-arm-none-eabi-5_3-151225/bin/../lib/gcc/arm-none-eabi/5.3.1/armv7e-m/fpu\libgcc.a(_arm_muldivdf3.o)
 .ARM.attributes
                0x0000000000000764       0x22 c:/stm32_toolchain/gcc-arm-none-eabi-5_3-151225/bin/../lib/gcc/arm-none-eabi/5.3.1/armv7e-m/fpu\libgcc.a(_arm_fixunsdfsi.o)
 .ARM.attributes
                0x0000000000000786       0x22 c:/stm32_toolchain/gcc-arm-none-eabi-5_3-151225/bin/../lib/gcc/arm-none-eabi/5.3.1/armv7e-m/fpu\libgcc.a(_arm_truncdfsf2.o)
 .ARM.attributes
                0x00000000000007a8       0x34 c:/stm32_toolchain/gcc-arm-none-eabi-5_3-151225/bin/../lib/gcc/arm-none-eabi/5.3.1/../../../../arm-none-eabi/lib/armv7e-m/fpu\libg_nano.a(lib_a-errno.o)
 .ARM.attributes
                0x00000000000007dc       0x34 c:/stm32_toolchain/gcc-arm-none-eabi-5_3-151225/bin/../lib/gcc/arm-none-eabi/5.3.1/../../../../arm-none-eabi/lib/armv7e-m/fpu\libg_nano.a(lib_a-impure.o)
 .ARM.attributes
                0x0000000000000810       0x34 c:/stm32_toolchain/gcc-arm-none-eabi-5_3-151225/bin/../lib/gcc/arm-none-eabi/5.3.1/../../../../arm-none-eabi/lib/armv7e-m/fpu\libg_nano.a(lib_a-malloc.o)
 .ARM.attributes
                0x0000000000000844       0x34 c:/stm32_toolchain/gcc-arm-none-eabi-5_3-151225/bin/../lib/gcc/arm-none-eabi/5.3.1/../../../../arm-none-eabi/lib/armv7e-m/fpu\libg_nano.a(lib_a-nano-freer.o)
 .ARM.attributes
                0x0000000000000878       0x34 c:/stm32_toolchain/gcc-arm-none-eabi-5_3-151225/bin/../lib/gcc/arm-none-eabi/5.3.1/../../../../arm-none-eabi/lib/armv7e-m/fpu\libg_nano.a(lib_a-nano-mallocr.o)
 .ARM.attributes
                0x00000000000008ac       0x34 c:/stm32_toolchain/gcc-arm-none-eabi-5_3-151225/bin/../lib/gcc/arm-none-eabi/5.3.1/../../../../arm-none-eabi/lib/armv7e-m/fpu\libg_nano.a(lib_a-sbrkr.o)
 .ARM.attributes
                0x00000000000008e0       0x34 c:/stm32_toolchain/gcc-arm-none-eabi-5_3-151225/bin/../lib/gcc/arm-none-eabi/5.3.1/../../../../arm-none-eabi/lib/armv7e-m/fpu\libg_nano.a(lib_a-sprintf.o)
 .ARM.attributes
                0x0000000000000914       0x34 c:/stm32_toolchain/gcc-arm-none-eabi-5_3-151225/bin/../lib/gcc/arm-none-eabi/5.3.1/../../../../arm-none-eabi/lib/armv7e-m/fpu\libg_nano.a(lib_a-nano-svfprintf.o)
 .ARM.attributes
                0x0000000000000948       0x34 c:/stm32_toolchain/gcc-arm-none-eabi-5_3-151225/bin/../lib/gcc/arm-none-eabi/5.3.1/../../../../arm-none-eabi/lib/armv7e-m/fpu\libg_nano.a(lib_a-nano-vfprintf_i.o)
 .ARM.attributes
                0x000000000000097c       0x20 c:/stm32_toolchain/gcc-arm-none-eabi-5_3-151225/bin/../lib/gcc/arm-none-eabi/5.3.1/../../../../arm-none-eabi/lib/armv7e-m/fpu\libg_nano.a(lib_a-memchr.o)
 .ARM.attributes
                0x000000000000099c       0x34 c:/stm32_toolchain/gcc-arm-none-eabi-5_3-151225/bin/../lib/gcc/arm-none-eabi/5.3.1/../../../../arm-none-eabi/lib/armv7e-m/fpu\libg_nano.a(lib_a-memcpy-stub.o)
 .ARM.attributes
                0x00000000000009d0       0x34 c:/stm32_toolchain/gcc-arm-none-eabi-5_3-151225/bin/../lib/gcc/arm-none-eabi/5.3.1/../../../../arm-none-eabi/lib/armv7e-m/fpu\libg_nano.a(lib_a-memmove.o)
 .ARM.attributes
                0x0000000000000a04       0x34 c:/stm32_toolchain/gcc-arm-none-eabi-5_3-151225/bin/../lib/gcc/arm-none-eabi/5.3.1/../../../../arm-none-eabi/lib/armv7e-m/fpu\libg_nano.a(lib_a-nano-reallocr.o)
 .ARM.attributes
                0x0000000000000a38       0x34 c:/stm32_toolchain/gcc-arm-none-eabi-5_3-151225/bin/../lib/gcc/arm-none-eabi/5.3.1/../../../../arm-none-eabi/lib/armv7e-m/fpu\libg_nano.a(lib_a-nano-msizer.o)

.debug
 *(.debug)

.line
 *(.line)

.debug_srcinfo
 *(.debug_srcinfo)

.debug_sfnames
 *(.debug_sfnames)

.debug_aranges  0x0000000000000000     0x1820
 *(.debug_aranges)
 .debug_aranges
                0x0000000000000000       0xc0 ./system/src/stm32f4-hal/stm32f4xx_hal.o
 .debug_aranges
                0x00000000000000c0       0xe8 ./system/src/stm32f4-hal/stm32f4xx_hal_adc.o
 .debug_aranges
                0x00000000000001a8       0x90 ./system/src/stm32f4-hal/stm32f4xx_hal_adc_ex.o
 .debug_aranges
                0x0000000000000238       0xb0 ./system/src/stm32f4-hal/stm32f4xx_hal_can.o
 .debug_aranges
                0x00000000000002e8      0x108 ./system/src/stm32f4-hal/stm32f4xx_hal_cortex.o
 .debug_aranges
                0x00000000000003f0       0xc0 ./system/src/stm32f4-hal/stm32f4xx_hal_dac.o
 .debug_aranges
                0x00000000000004b0       0x58 ./system/src/stm32f4-hal/stm32f4xx_hal_gpio.o
 .debug_aranges
                0x0000000000000508       0x88 ./system/src/stm32f4-hal/stm32f4xx_hal_rcc.o
 .debug_aranges
                0x0000000000000590      0x158 ./system/src/stm32f4-hal/stm32f4xx_hal_spi.o
 .debug_aranges
                0x00000000000006e8      0x368 ./system/src/stm32f4-hal/stm32f4xx_hal_tim.o
 .debug_aranges
                0x0000000000000a50      0x140 ./system/src/stm32f4-hal/stm32f4xx_hal_tim_ex.o
 .debug_aranges
                0x0000000000000b90       0x28 ./system/src/newlib/_exit.o
 .debug_aranges
                0x0000000000000bb8       0x20 ./system/src/newlib/_sbrk.o
 .debug_aranges
                0x0000000000000bd8       0x40 ./system/src/newlib/_startup.o
 .debug_aranges
                0x0000000000000c18       0x30 ./system/src/newlib/_syscalls.o
 .debug_aranges
                0x0000000000000c48       0x28 ./system/src/cortexm/_initialize_hardware.o
 .debug_aranges
                0x0000000000000c70       0x28 ./system/src/cortexm/_reset_hardware.o
 .debug_aranges
                0x0000000000000c98       0x80 ./system/src/cortexm/exception_handlers.o
 .debug_aranges
                0x0000000000000d18       0x28 ./system/src/cmsis/system_stm32f4xx.o
 .debug_aranges
                0x0000000000000d40       0x20 ./system/src/cmsis/vectors_stm32f407xx.o
 .debug_aranges
                0x0000000000000d60       0xa8 ./src/main.o
 .debug_aranges
                0x0000000000000e08       0xd8 ./src/stm32f4_discovery.o
 .debug_aranges
                0x0000000000000ee0       0x60 ./src/stm32f4xx_hal_msp.o
 .debug_aranges
                0x0000000000000f40       0x48 ./src/stm32f4xx_it.o
 .debug_aranges
                0x0000000000000f88      0x140 ./TM/diskio.o
 .debug_aranges
                0x00000000000010c8       0xb0 ./TM/fatfs_sd.o
 .debug_aranges
                0x0000000000001178      0x250 ./TM/ff.o
 .debug_aranges
                0x00000000000013c8       0x28 ./TM/syscall.o
 .debug_aranges
                0x00000000000013f0       0x78 ./TM/tm_stm32_delay.o
 .debug_aranges
                0x0000000000001468       0x98 ./TM/tm_stm32_gpio.o
 .debug_aranges
                0x0000000000001500       0x98 ./TM/tm_stm32_spi.o
 .debug_aranges
                0x0000000000001598       0x28 ./TM/unicode.o
 .debug_aranges
                0x00000000000015c0       0x20 c:/stm32_toolchain/gcc-arm-none-eabi-5_3-151225/bin/../lib/gcc/arm-none-eabi/5.3.1/armv7e-m/fpu\libgcc.a(_arm_addsubdf3.o)
 .debug_aranges
                0x00000000000015e0       0x20 c:/stm32_toolchain/gcc-arm-none-eabi-5_3-151225/bin/../lib/gcc/arm-none-eabi/5.3.1/armv7e-m/fpu\libgcc.a(_arm_muldivdf3.o)
 .debug_aranges
                0x0000000000001600       0x20 c:/stm32_toolchain/gcc-arm-none-eabi-5_3-151225/bin/../lib/gcc/arm-none-eabi/5.3.1/armv7e-m/fpu\libgcc.a(_arm_fixunsdfsi.o)
 .debug_aranges
                0x0000000000001620       0x20 c:/stm32_toolchain/gcc-arm-none-eabi-5_3-151225/bin/../lib/gcc/arm-none-eabi/5.3.1/armv7e-m/fpu\libgcc.a(_arm_truncdfsf2.o)
 .debug_aranges
                0x0000000000001640       0x20 c:/stm32_toolchain/gcc-arm-none-eabi-5_3-151225/bin/../lib/gcc/arm-none-eabi/5.3.1/../../../../arm-none-eabi/lib/armv7e-m/fpu\libg_nano.a(lib_a-errno.o)
 .debug_aranges
                0x0000000000001660       0x18 c:/stm32_toolchain/gcc-arm-none-eabi-5_3-151225/bin/../lib/gcc/arm-none-eabi/5.3.1/../../../../arm-none-eabi/lib/armv7e-m/fpu\libg_nano.a(lib_a-impure.o)
 .debug_aranges
                0x0000000000001678       0x28 c:/stm32_toolchain/gcc-arm-none-eabi-5_3-151225/bin/../lib/gcc/arm-none-eabi/5.3.1/../../../../arm-none-eabi/lib/armv7e-m/fpu\libg_nano.a(lib_a-malloc.o)
 .debug_aranges
                0x00000000000016a0       0x20 c:/stm32_toolchain/gcc-arm-none-eabi-5_3-151225/bin/../lib/gcc/arm-none-eabi/5.3.1/../../../../arm-none-eabi/lib/armv7e-m/fpu\libg_nano.a(lib_a-nano-freer.o)
 .debug_aranges
                0x00000000000016c0       0x20 c:/stm32_toolchain/gcc-arm-none-eabi-5_3-151225/bin/../lib/gcc/arm-none-eabi/5.3.1/../../../../arm-none-eabi/lib/armv7e-m/fpu\libg_nano.a(lib_a-nano-mallocr.o)
 .debug_aranges
                0x00000000000016e0       0x20 c:/stm32_toolchain/gcc-arm-none-eabi-5_3-151225/bin/../lib/gcc/arm-none-eabi/5.3.1/../../../../arm-none-eabi/lib/armv7e-m/fpu\libg_nano.a(lib_a-sbrkr.o)
 .debug_aranges
                0x0000000000001700       0x28 c:/stm32_toolchain/gcc-arm-none-eabi-5_3-151225/bin/../lib/gcc/arm-none-eabi/5.3.1/../../../../arm-none-eabi/lib/armv7e-m/fpu\libg_nano.a(lib_a-sprintf.o)
 .debug_aranges
                0x0000000000001728       0x30 c:/stm32_toolchain/gcc-arm-none-eabi-5_3-151225/bin/../lib/gcc/arm-none-eabi/5.3.1/../../../../arm-none-eabi/lib/armv7e-m/fpu\libg_nano.a(lib_a-nano-svfprintf.o)
 .debug_aranges
                0x0000000000001758       0x28 c:/stm32_toolchain/gcc-arm-none-eabi-5_3-151225/bin/../lib/gcc/arm-none-eabi/5.3.1/../../../../arm-none-eabi/lib/armv7e-m/fpu\libg_nano.a(lib_a-nano-vfprintf_i.o)
 .debug_aranges
                0x0000000000001780       0x20 c:/stm32_toolchain/gcc-arm-none-eabi-5_3-151225/bin/../lib/gcc/arm-none-eabi/5.3.1/../../../../arm-none-eabi/lib/armv7e-m/fpu\libg_nano.a(lib_a-memchr.o)
 .debug_aranges
                0x00000000000017a0       0x20 c:/stm32_toolchain/gcc-arm-none-eabi-5_3-151225/bin/../lib/gcc/arm-none-eabi/5.3.1/../../../../arm-none-eabi/lib/armv7e-m/fpu\libg_nano.a(lib_a-memcpy-stub.o)
 .debug_aranges
                0x00000000000017c0       0x20 c:/stm32_toolchain/gcc-arm-none-eabi-5_3-151225/bin/../lib/gcc/arm-none-eabi/5.3.1/../../../../arm-none-eabi/lib/armv7e-m/fpu\libg_nano.a(lib_a-memmove.o)
 .debug_aranges
                0x00000000000017e0       0x20 c:/stm32_toolchain/gcc-arm-none-eabi-5_3-151225/bin/../lib/gcc/arm-none-eabi/5.3.1/../../../../arm-none-eabi/lib/armv7e-m/fpu\libg_nano.a(lib_a-nano-reallocr.o)
 .debug_aranges
                0x0000000000001800       0x20 c:/stm32_toolchain/gcc-arm-none-eabi-5_3-151225/bin/../lib/gcc/arm-none-eabi/5.3.1/../../../../arm-none-eabi/lib/armv7e-m/fpu\libg_nano.a(lib_a-nano-msizer.o)

.debug_pubnames
 *(.debug_pubnames)

.debug_info     0x0000000000000000    0x1bd5e
 *(.debug_info .gnu.linkonce.wi.*)
 .debug_info    0x0000000000000000      0x843 ./system/src/stm32f4-hal/stm32f4xx_hal.o
 .debug_info    0x0000000000000843      0xc85 ./system/src/stm32f4-hal/stm32f4xx_hal_adc.o
 .debug_info    0x00000000000014c8      0xa8c ./system/src/stm32f4-hal/stm32f4xx_hal_adc_ex.o
 .debug_info    0x0000000000001f54      0xab1 ./system/src/stm32f4-hal/stm32f4xx_hal_can.o
 .debug_info    0x0000000000002a05      0xd1b ./system/src/stm32f4-hal/stm32f4xx_hal_cortex.o
 .debug_info    0x0000000000003720      0x98e ./system/src/stm32f4-hal/stm32f4xx_hal_dac.o
 .debug_info    0x00000000000040ae      0x703 ./system/src/stm32f4-hal/stm32f4xx_hal_gpio.o
 .debug_info    0x00000000000047b1      0xb21 ./system/src/stm32f4-hal/stm32f4xx_hal_rcc.o
 .debug_info    0x00000000000052d2      0xf82 ./system/src/stm32f4-hal/stm32f4xx_hal_spi.o
 .debug_info    0x0000000000006254     0x2187 ./system/src/stm32f4-hal/stm32f4xx_hal_tim.o
 .debug_info    0x00000000000083db      0xf4d ./system/src/stm32f4-hal/stm32f4xx_hal_tim_ex.o
 .debug_info    0x0000000000009328       0xdf ./system/src/newlib/_exit.o
 .debug_info    0x0000000000009407      0x109 ./system/src/newlib/_sbrk.o
 .debug_info    0x0000000000009510      0x45c ./system/src/newlib/_startup.o
 .debug_info    0x000000000000996c      0x19e ./system/src/newlib/_syscalls.o
 .debug_info    0x0000000000009b0a      0x298 ./system/src/cortexm/_initialize_hardware.o
 .debug_info    0x0000000000009da2      0x2ca ./system/src/cortexm/_reset_hardware.o
 .debug_info    0x000000000000a06c      0x293 ./system/src/cortexm/exception_handlers.o
 .debug_info    0x000000000000a2ff      0x4ca ./system/src/cmsis/system_stm32f4xx.o
 .debug_info    0x000000000000a7c9       0xd1 ./system/src/cmsis/vectors_stm32f407xx.o
 .debug_info    0x000000000000a89a     0x1ed7 ./src/main.o
 .debug_info    0x000000000000c771     0x1377 ./src/stm32f4_discovery.o
 .debug_info    0x000000000000dae8     0x14f3 ./src/stm32f4xx_hal_msp.o
 .debug_info    0x000000000000efdb      0xf5f ./src/stm32f4xx_it.o
 .debug_info    0x000000000000ff3a      0x95d ./TM/diskio.o
 .debug_info    0x0000000000010897      0x761 ./TM/fatfs_sd.o
 .debug_info    0x0000000000010ff8     0x276a ./TM/ff.o
 .debug_info    0x0000000000013762       0xda ./TM/syscall.o
 .debug_info    0x000000000001383c      0x6dc ./TM/tm_stm32_delay.o
 .debug_info    0x0000000000013f18      0x820 ./TM/tm_stm32_gpio.o
 .debug_info    0x0000000000014738      0xd7a ./TM/tm_stm32_spi.o
 .debug_info    0x00000000000154b2      0x18f ./TM/unicode.o
 .debug_info    0x0000000000015641       0xd5 c:/stm32_toolchain/gcc-arm-none-eabi-5_3-151225/bin/../lib/gcc/arm-none-eabi/5.3.1/armv7e-m/fpu\libgcc.a(_arm_addsubdf3.o)
 .debug_info    0x0000000000015716       0xd5 c:/stm32_toolchain/gcc-arm-none-eabi-5_3-151225/bin/../lib/gcc/arm-none-eabi/5.3.1/armv7e-m/fpu\libgcc.a(_arm_muldivdf3.o)
 .debug_info    0x00000000000157eb       0xd5 c:/stm32_toolchain/gcc-arm-none-eabi-5_3-151225/bin/../lib/gcc/arm-none-eabi/5.3.1/armv7e-m/fpu\libgcc.a(_arm_fixunsdfsi.o)
 .debug_info    0x00000000000158c0       0xd5 c:/stm32_toolchain/gcc-arm-none-eabi-5_3-151225/bin/../lib/gcc/arm-none-eabi/5.3.1/armv7e-m/fpu\libgcc.a(_arm_truncdfsf2.o)
 .debug_info    0x0000000000015995      0x738 c:/stm32_toolchain/gcc-arm-none-eabi-5_3-151225/bin/../lib/gcc/arm-none-eabi/5.3.1/../../../../arm-none-eabi/lib/armv7e-m/fpu\libg_nano.a(lib_a-errno.o)
 .debug_info    0x00000000000160cd      0x7d6 c:/stm32_toolchain/gcc-arm-none-eabi-5_3-151225/bin/../lib/gcc/arm-none-eabi/5.3.1/../../../../arm-none-eabi/lib/armv7e-m/fpu\libg_nano.a(lib_a-impure.o)
 .debug_info    0x00000000000168a3      0x7ae c:/stm32_toolchain/gcc-arm-none-eabi-5_3-151225/bin/../lib/gcc/arm-none-eabi/5.3.1/../../../../arm-none-eabi/lib/armv7e-m/fpu\libg_nano.a(lib_a-malloc.o)
 .debug_info    0x0000000000017051      0x821 c:/stm32_toolchain/gcc-arm-none-eabi-5_3-151225/bin/../lib/gcc/arm-none-eabi/5.3.1/../../../../arm-none-eabi/lib/armv7e-m/fpu\libg_nano.a(lib_a-nano-freer.o)
 .debug_info    0x0000000000017872      0x8ec c:/stm32_toolchain/gcc-arm-none-eabi-5_3-151225/bin/../lib/gcc/arm-none-eabi/5.3.1/../../../../arm-none-eabi/lib/armv7e-m/fpu\libg_nano.a(lib_a-nano-mallocr.o)
 .debug_info    0x000000000001815e      0x79d c:/stm32_toolchain/gcc-arm-none-eabi-5_3-151225/bin/../lib/gcc/arm-none-eabi/5.3.1/../../../../arm-none-eabi/lib/armv7e-m/fpu\libg_nano.a(lib_a-sbrkr.o)
 .debug_info    0x00000000000188fb      0x88c c:/stm32_toolchain/gcc-arm-none-eabi-5_3-151225/bin/../lib/gcc/arm-none-eabi/5.3.1/../../../../arm-none-eabi/lib/armv7e-m/fpu\libg_nano.a(lib_a-sprintf.o)
 .debug_info    0x0000000000019187      0xd51 c:/stm32_toolchain/gcc-arm-none-eabi-5_3-151225/bin/../lib/gcc/arm-none-eabi/5.3.1/../../../../arm-none-eabi/lib/armv7e-m/fpu\libg_nano.a(lib_a-nano-svfprintf.o)
 .debug_info    0x0000000000019ed8      0xb44 c:/stm32_toolchain/gcc-arm-none-eabi-5_3-151225/bin/../lib/gcc/arm-none-eabi/5.3.1/../../../../arm-none-eabi/lib/armv7e-m/fpu\libg_nano.a(lib_a-nano-vfprintf_i.o)
 .debug_info    0x000000000001aa1c       0xf4 c:/stm32_toolchain/gcc-arm-none-eabi-5_3-151225/bin/../lib/gcc/arm-none-eabi/5.3.1/../../../../arm-none-eabi/lib/armv7e-m/fpu\libg_nano.a(lib_a-memchr.o)
 .debug_info    0x000000000001ab10      0x111 c:/stm32_toolchain/gcc-arm-none-eabi-5_3-151225/bin/../lib/gcc/arm-none-eabi/5.3.1/../../../../arm-none-eabi/lib/armv7e-m/fpu\libg_nano.a(lib_a-memcpy-stub.o)
 .debug_info    0x000000000001ac21      0x105 c:/stm32_toolchain/gcc-arm-none-eabi-5_3-151225/bin/../lib/gcc/arm-none-eabi/5.3.1/../../../../arm-none-eabi/lib/armv7e-m/fpu\libg_nano.a(lib_a-memmove.o)
 .debug_info    0x000000000001ad26      0x878 c:/stm32_toolchain/gcc-arm-none-eabi-5_3-151225/bin/../lib/gcc/arm-none-eabi/5.3.1/../../../../arm-none-eabi/lib/armv7e-m/fpu\libg_nano.a(lib_a-nano-reallocr.o)
 .debug_info    0x000000000001b59e      0x7c0 c:/stm32_toolchain/gcc-arm-none-eabi-5_3-151225/bin/../lib/gcc/arm-none-eabi/5.3.1/../../../../arm-none-eabi/lib/armv7e-m/fpu\libg_nano.a(lib_a-nano-msizer.o)

.debug_abbrev   0x0000000000000000     0x482b
 *(.debug_abbrev)
 .debug_abbrev  0x0000000000000000      0x1fc ./system/src/stm32f4-hal/stm32f4xx_hal.o
 .debug_abbrev  0x00000000000001fc      0x227 ./system/src/stm32f4-hal/stm32f4xx_hal_adc.o
 .debug_abbrev  0x0000000000000423      0x1e7 ./system/src/stm32f4-hal/stm32f4xx_hal_adc_ex.o
 .debug_abbrev  0x000000000000060a      0x209 ./system/src/stm32f4-hal/stm32f4xx_hal_can.o
 .debug_abbrev  0x0000000000000813      0x2cc ./system/src/stm32f4-hal/stm32f4xx_hal_cortex.o
 .debug_abbrev  0x0000000000000adf      0x1c9 ./system/src/stm32f4-hal/stm32f4xx_hal_dac.o
 .debug_abbrev  0x0000000000000ca8      0x1af ./system/src/stm32f4-hal/stm32f4xx_hal_gpio.o
 .debug_abbrev  0x0000000000000e57      0x299 ./system/src/stm32f4-hal/stm32f4xx_hal_rcc.o
 .debug_abbrev  0x00000000000010f0      0x20f ./system/src/stm32f4-hal/stm32f4xx_hal_spi.o
 .debug_abbrev  0x00000000000012ff      0x20b ./system/src/stm32f4-hal/stm32f4xx_hal_tim.o
 .debug_abbrev  0x000000000000150a      0x202 ./system/src/stm32f4-hal/stm32f4xx_hal_tim_ex.o
 .debug_abbrev  0x000000000000170c       0xa6 ./system/src/newlib/_exit.o
 .debug_abbrev  0x00000000000017b2       0x8e ./system/src/newlib/_sbrk.o
 .debug_abbrev  0x0000000000001840      0x16d ./system/src/newlib/_startup.o
 .debug_abbrev  0x00000000000019ad       0xd0 ./system/src/newlib/_syscalls.o
 .debug_abbrev  0x0000000000001a7d       0xcc ./system/src/cortexm/_initialize_hardware.o
 .debug_abbrev  0x0000000000001b49       0xf7 ./system/src/cortexm/_reset_hardware.o
 .debug_abbrev  0x0000000000001c40       0xf1 ./system/src/cortexm/exception_handlers.o
 .debug_abbrev  0x0000000000001d31      0x104 ./system/src/cmsis/system_stm32f4xx.o
 .debug_abbrev  0x0000000000001e35       0x9d ./system/src/cmsis/vectors_stm32f407xx.o
 .debug_abbrev  0x0000000000001ed2      0x29b ./src/main.o
 .debug_abbrev  0x000000000000216d      0x258 ./src/stm32f4_discovery.o
 .debug_abbrev  0x00000000000023c5      0x1ed ./src/stm32f4xx_hal_msp.o
 .debug_abbrev  0x00000000000025b2      0x17a ./src/stm32f4xx_it.o
 .debug_abbrev  0x000000000000272c      0x183 ./TM/diskio.o
 .debug_abbrev  0x00000000000028af      0x234 ./TM/fatfs_sd.o
 .debug_abbrev  0x0000000000002ae3      0x1ff ./TM/ff.o
 .debug_abbrev  0x0000000000002ce2       0x84 ./TM/syscall.o
 .debug_abbrev  0x0000000000002d66      0x25c ./TM/tm_stm32_delay.o
 .debug_abbrev  0x0000000000002fc2      0x156 ./TM/tm_stm32_gpio.o
 .debug_abbrev  0x0000000000003118      0x225 ./TM/tm_stm32_spi.o
 .debug_abbrev  0x000000000000333d       0xb4 ./TM/unicode.o
 .debug_abbrev  0x00000000000033f1       0x14 c:/stm32_toolchain/gcc-arm-none-eabi-5_3-151225/bin/../lib/gcc/arm-none-eabi/5.3.1/armv7e-m/fpu\libgcc.a(_arm_addsubdf3.o)
 .debug_abbrev  0x0000000000003405       0x14 c:/stm32_toolchain/gcc-arm-none-eabi-5_3-151225/bin/../lib/gcc/arm-none-eabi/5.3.1/armv7e-m/fpu\libgcc.a(_arm_muldivdf3.o)
 .debug_abbrev  0x0000000000003419       0x14 c:/stm32_toolchain/gcc-arm-none-eabi-5_3-151225/bin/../lib/gcc/arm-none-eabi/5.3.1/armv7e-m/fpu\libgcc.a(_arm_fixunsdfsi.o)
 .debug_abbrev  0x000000000000342d       0x14 c:/stm32_toolchain/gcc-arm-none-eabi-5_3-151225/bin/../lib/gcc/arm-none-eabi/5.3.1/armv7e-m/fpu\libgcc.a(_arm_truncdfsf2.o)
 .debug_abbrev  0x0000000000003441      0x132 c:/stm32_toolchain/gcc-arm-none-eabi-5_3-151225/bin/../lib/gcc/arm-none-eabi/5.3.1/../../../../arm-none-eabi/lib/armv7e-m/fpu\libg_nano.a(lib_a-errno.o)
 .debug_abbrev  0x0000000000003573      0x134 c:/stm32_toolchain/gcc-arm-none-eabi-5_3-151225/bin/../lib/gcc/arm-none-eabi/5.3.1/../../../../arm-none-eabi/lib/armv7e-m/fpu\libg_nano.a(lib_a-impure.o)
 .debug_abbrev  0x00000000000036a7      0x188 c:/stm32_toolchain/gcc-arm-none-eabi-5_3-151225/bin/../lib/gcc/arm-none-eabi/5.3.1/../../../../arm-none-eabi/lib/armv7e-m/fpu\libg_nano.a(lib_a-malloc.o)
 .debug_abbrev  0x000000000000382f      0x1b6 c:/stm32_toolchain/gcc-arm-none-eabi-5_3-151225/bin/../lib/gcc/arm-none-eabi/5.3.1/../../../../arm-none-eabi/lib/armv7e-m/fpu\libg_nano.a(lib_a-nano-freer.o)
 .debug_abbrev  0x00000000000039e5      0x24e c:/stm32_toolchain/gcc-arm-none-eabi-5_3-151225/bin/../lib/gcc/arm-none-eabi/5.3.1/../../../../arm-none-eabi/lib/armv7e-m/fpu\libg_nano.a(lib_a-nano-mallocr.o)
 .debug_abbrev  0x0000000000003c33      0x19e c:/stm32_toolchain/gcc-arm-none-eabi-5_3-151225/bin/../lib/gcc/arm-none-eabi/5.3.1/../../../../arm-none-eabi/lib/armv7e-m/fpu\libg_nano.a(lib_a-sbrkr.o)
 .debug_abbrev  0x0000000000003dd1      0x1c0 c:/stm32_toolchain/gcc-arm-none-eabi-5_3-151225/bin/../lib/gcc/arm-none-eabi/5.3.1/../../../../arm-none-eabi/lib/armv7e-m/fpu\libg_nano.a(lib_a-sprintf.o)
 .debug_abbrev  0x0000000000003f91      0x23f c:/stm32_toolchain/gcc-arm-none-eabi-5_3-151225/bin/../lib/gcc/arm-none-eabi/5.3.1/../../../../arm-none-eabi/lib/armv7e-m/fpu\libg_nano.a(lib_a-nano-svfprintf.o)
 .debug_abbrev  0x00000000000041d0      0x1f4 c:/stm32_toolchain/gcc-arm-none-eabi-5_3-151225/bin/../lib/gcc/arm-none-eabi/5.3.1/../../../../arm-none-eabi/lib/armv7e-m/fpu\libg_nano.a(lib_a-nano-vfprintf_i.o)
 .debug_abbrev  0x00000000000043c4       0x14 c:/stm32_toolchain/gcc-arm-none-eabi-5_3-151225/bin/../lib/gcc/arm-none-eabi/5.3.1/../../../../arm-none-eabi/lib/armv7e-m/fpu\libg_nano.a(lib_a-memchr.o)